******************************************************************************
                  TI ARM Linker PC v20.2.7                     
******************************************************************************
>> Linked Fri Feb 16 02:55:32 2024

OUTPUT FILE NAME:   <01_TM_Lab23.out>
ENTRY POINT SYMBOL: "_c_int00_noargs"  address: 00002ae5


MEMORY CONFIGURATION

         name            origin    length      used     unused   attr    fill
----------------------  --------  ---------  --------  --------  ----  --------
  FLASH                 00000000   00040000  00002baa  0003d456  R  X
  SRAM                  20000000   00008000  00001328  00006cd8  RW X


SEGMENT ALLOCATION MAP

run origin  load origin   length   init length attrs members
----------  ----------- ---------- ----------- ----- -------
00000000    00000000    00002bb0   00002bb0    r-x
  00000000    00000000    0000026c   0000026c    r-- .intvecs
  0000026c    0000026c    000028f2   000028f2    r-x .text
  00002b60    00002b60    0000000c   0000000c    r-- .const
  00002b70    00002b70    00000040   00000040    r-- .cinit
20000000    20000000    00001328   00000000    rw-
  20000000    20000000    000010e0   00000000    rw- .bss
  200010e0    200010e0    00000200   00000000    rw- .stack
  200012e0    200012e0    00000048   00000000    rw- .data


SECTION ALLOCATION MAP

 output                                  attributes/
section   page    origin      length       input sections
--------  ----  ----------  ----------   ----------------
.intvecs   0    00000000    0000026c     
                  00000000    0000026c     tm4c123gh6pm_startup_ccs.obj (.intvecs)

.text      0    0000026c    000028f2     
                  0000026c    00001b94     tasks.obj (.text)
                  00001e00    000002b4     port.obj (.text)
                  000020b4    0000028c     heap_2.obj (.text)
                  00002340    000001c8     uart0.obj (.text)
                  00002508    0000012a     list.obj (.text)
                  00002632    00000002     rtsv7M4_T_le_v4SPD16_eabi.lib : div0.asm.obj (.text)
                  00002634    00000110     main.obj (.text)
                  00002744    000000da     portasm.obj (.text)
                  0000281e    0000009c     rtsv7M4_T_le_v4SPD16_eabi.lib : memcpy_t2.asm.obj (.text)
                  000028ba    00000096                                   : ull_div_t2.asm.obj (.text)
                  00002950    0000007a                                   : memset_t2.asm.obj (.text)
                  000029ca    0000006e                                   : ll_div_t2.asm.obj (.text)
                  00002a38    00000068                                   : copy_decompress_lzss.c.obj (.text:decompress:lzss:__TI_decompress_lzss)
                  00002aa0    00000044                                   : autoinit.c.obj (.text:__TI_auto_init_nobinit_nopinit:__TI_auto_init_nobinit_nopinit)
                  00002ae4    00000034                                   : boot_cortex_m.c.obj (.text:_c_int00_noargs:_c_int00_noargs)
                  00002b18    00000018                                   : ll_mul_t2.asm.obj (.text)
                  00002b30    0000000e                                   : copy_decompress_none.c.obj (.text:decompress:none:__TI_decompress_none)
                  00002b3e    0000000c                                   : copy_zero_init.c.obj (.text:decompress:ZI:__TI_zero_init)
                  00002b4a    0000000c     tm4c123gh6pm_startup_ccs.obj (.text)
                  00002b56    00000004     rtsv7M4_T_le_v4SPD16_eabi.lib : pre_init.c.obj (.text:_system_pre_init)
                  00002b5a    00000004                                   : exit.c.obj (.text:abort:abort)

.const     0    00002b60    0000000c     
                  00002b60    00000008     port.obj (.const)
                  00002b68    00000004     tasks.obj (.const)

.cinit     0    00002b70    00000040     
                  00002b70    00000016     (.cinit..data.load) [load image, compression = lzss]
                  00002b86    00000002     --HOLE-- [fill = 0]
                  00002b88    0000000c     (__TI_handler_table)
                  00002b94    00000004     --HOLE-- [fill = 0]
                  00002b98    00000008     (.cinit..bss.load) [load image, compression = zero_init]
                  00002ba0    00000010     (__TI_cinit_table)

.init_array 
*          0    00000000    00000000     UNINITIALIZED

.bss       0    20000000    000010e0     UNINITIALIZED
                  20000000    00001000     heap_2.obj (.bss:ucHeap)
                  20001000    00000064     tasks.obj (.bss:pxReadyTasksLists)
                  20001064    00000014     tasks.obj (.bss:xDelayedTaskList1)
                  20001078    00000014     tasks.obj (.bss:xDelayedTaskList2)
                  2000108c    00000014     tasks.obj (.bss:xPendingReadyList)
                  200010a0    00000014     tasks.obj (.bss:xSuspendedTaskList)
                  200010b4    00000014     tasks.obj (.bss:xTasksWaitingTermination)
                  200010c8    00000008     tasks.obj (.bss)
                  200010d0    00000008     heap_2.obj (.bss:xEnd)
                  200010d8    00000008     heap_2.obj (.bss:xStart)

.data      0    200012e0    00000048     UNINITIALIZED
                  200012e0    00000034     tasks.obj (.data)
                  20001314    0000000c     port.obj (.data)
                  20001320    00000008     heap_2.obj (.data)

.stack     0    200010e0    00000200     UNINITIALIZED
                  200010e0    00000004     rtsv7M4_T_le_v4SPD16_eabi.lib : boot_cortex_m.c.obj (.stack)
                  200010e4    000001fc     --HOLE--

__llvm_prf_cnts 
*          0    20000000    00000000     UNINITIALIZED

MODULE SUMMARY

       Module                         code    ro data   rw data
       ------                         ----    -------   -------
    .\
       tm4c123gh6pm_startup_ccs.obj   12      620       0      
       main.obj                       272     0         0      
    +--+------------------------------+-------+---------+---------+
       Total:                         284     620       0      
                                                               
    .\FreeRTOS\Source\
       tasks.obj                      7060    4         260    
       list.obj                       298     0         0      
    +--+------------------------------+-------+---------+---------+
       Total:                         7358    4         260    
                                                               
    .\FreeRTOS\Source\portable\CCS\ARM_CM4F\
       port.obj                       692     8         12     
       portasm.obj                    218     0         0      
    +--+------------------------------+-------+---------+---------+
       Total:                         910     8         12     
                                                               
    .\FreeRTOS\Source\portable\MemMang\
       heap_2.obj                     652     0         4120   
    +--+------------------------------+-------+---------+---------+
       Total:                         652     0         4120   
                                                               
    .\MCAL\UART\
       uart0.obj                      456     0         0      
    +--+------------------------------+-------+---------+---------+
       Total:                         456     0         0      
                                                               
    D:\Applications\Code Composer Tiva C\ccs\tools\compiler\ti-cgt-arm_20.2.7.LTS\lib\rtsv7M4_T_le_v4SPD16_eabi.lib
       memcpy_t2.asm.obj              156     0         0      
       ull_div_t2.asm.obj             150     0         0      
       memset_t2.asm.obj              122     0         0      
       ll_div_t2.asm.obj              110     0         0      
       copy_decompress_lzss.c.obj     104     0         0      
       autoinit.c.obj                 68      0         0      
       boot_cortex_m.c.obj            52      0         0      
       ll_mul_t2.asm.obj              24      0         0      
       copy_decompress_none.c.obj     14      0         0      
       copy_zero_init.c.obj           12      0         0      
       exit.c.obj                     4       0         0      
       pre_init.c.obj                 4       0         0      
       div0.asm.obj                   2       0         0      
    +--+------------------------------+-------+---------+---------+
       Total:                         822     0         0      
                                                               
       Stack:                         0       0         512    
       Linker Generated:              0       58        0      
    +--+------------------------------+-------+---------+---------+
       Grand Total:                   10482   690       4904   


LINKER GENERATED COPY TABLES

__TI_cinit_table @ 00002ba0 records: 2, size/record: 8, table size: 16
	.data: load addr=00002b70, load size=00000016 bytes, run addr=200012e0, run size=00000048 bytes, compression=lzss
	.bss: load addr=00002b98, load size=00000008 bytes, run addr=20000000, run size=000010e0 bytes, compression=zero_init


LINKER GENERATED HANDLER TABLE

__TI_handler_table @ 00002b88 records: 3, size/record: 4, table size: 12
	index: 0, handler: __TI_decompress_lzss
	index: 1, handler: __TI_decompress_none
	index: 2, handler: __TI_zero_init


GLOBAL SYMBOLS: SORTED ALPHABETICALLY BY Name 

address   name                             
-------   ----                             
00002b5b  C$$EXIT                          
00002635  Delay_MS                         
00002b4b  ResetISR                         
00002397  UART0_Init                       
000023f3  UART0_ReceiveByte                
000023d7  UART0_SendByte                   
00002429  UART0_SendInteger                
00002403  UART0_SendString                 
200012e0  __STACK_END                      
00000200  __STACK_SIZE                     
200012e0  __STACK_TOP                      
00002ba0  __TI_CINIT_Base                  
00002bb0  __TI_CINIT_Limit                 
00002b88  __TI_Handler_Table_Base          
00002b94  __TI_Handler_Table_Limit         
00002aa1  __TI_auto_init_nobinit_nopinit   
00002a39  __TI_decompress_lzss             
00002b31  __TI_decompress_none             
ffffffff  __TI_pprof_out_hndl              
ffffffff  __TI_prof_data_size              
ffffffff  __TI_prof_data_start             
00000000  __TI_static_base__               
00002b3f  __TI_zero_init                   
00002633  __aeabi_idiv0                    
00002633  __aeabi_ldiv0                    
000029cb  __aeabi_ldivmod                  
00002b19  __aeabi_lmul                     
00002951  __aeabi_memclr                   
00002951  __aeabi_memclr4                  
00002951  __aeabi_memclr8                  
0000281f  __aeabi_memcpy                   
0000281f  __aeabi_memcpy4                  
0000281f  __aeabi_memcpy8                  
00002953  __aeabi_memset                   
00002953  __aeabi_memset4                  
00002953  __aeabi_memset8                  
000028bb  __aeabi_uldivmod                 
ffffffff  __binit__                        
ffffffff  __c_args__                       
UNDEFED   __mpu_init                       
200010e0  __stack                          
20000000  __start___llvm_prf_cnts          
20000000  __stop___llvm_prf_cnts           
00002ae5  _c_int00_noargs                  
UNDEFED   _system_post_cinit               
00002b57  _system_pre_init                 
00002b5b  abort                            
ffffffff  binit                            
00000000  g_pfnVectors                     
00002675  main                             
0000281f  memcpy                           
00002959  memset                           
00000baf  pcTaskGetName                    
000022a1  pvPortCalloc                     
000020b5  pvPortMalloc                     
200012e0  pxCurrentTCB                     
00001e01  pxPortInitialiseStack            
00002b60  ulMaxSyscallInterruptPriority    
00002755  ulPortGetIPSR                    
000014a5  ulTaskGenericNotifyTake          
00001cc5  ulTaskGenericNotifyValueClear    
000025eb  uxListRemove                     
00000ba9  uxTaskGetNumberOfTasks           
00001479  uxTaskResetEventItemValue        
00002b68  uxTopUsedPriority                
00002509  vListInitialise                  
00002539  vListInitialiseItem              
00002585  vListInsert                      
00002549  vListInsertEnd                   
000026b5  vPeriodicTask1                   
000026e7  vPeriodicTask2                   
00002811  vPortEnableVFP                   
00001f45  vPortEndScheduler                
00001f69  vPortEnterCritical               
00001fab  vPortExitCritical                
000021db  vPortFree                        
0000229f  vPortInitialiseBlocks            
000027cd  vPortSVCHandler                  
00001ffd  vPortSetupTimerInterrupt         
000027ed  vPortStartFirstTask              
00002017  vPortValidateInterruptPriority   
0000058d  vTaskDelay                       
000004b9  vTaskDelete                      
000009a3  vTaskEndScheduler                
00001aad  vTaskGenericNotifyGiveFromISR    
00001289  vTaskInternalSetTimeOutState     
0000135d  vTaskMissedYield                 
00000ec9  vTaskPlaceOnEventList            
00000f0d  vTaskPlaceOnUnorderedEventList   
00001119  vTaskRemoveFromUnorderedEventList
0000076d  vTaskResume                      
00001257  vTaskSetTimeOutState             
00000939  vTaskStartScheduler              
000005ed  vTaskSuspend                     
000009bf  vTaskSuspendAll                  
00000e3f  vTaskSwitchContext               
00002299  xPortGetFreeHeapSize             
0000276d  xPortPendSVHandler               
00001e8d  xPortStartScheduler              
00001fd7  xPortSysTickHandler              
00000bfd  xTaskCatchUpTicks                
000012b1  xTaskCheckForTimeOut             
0000026d  xTaskCreate                      
00001671  xTaskGenericNotify               
00001857  xTaskGenericNotifyFromISR        
00001c5d  xTaskGenericNotifyStateClear     
00001561  xTaskGenericNotifyWait           
00001469  xTaskGetCurrentTaskHandle        
00000b85  xTaskGetTickCount                
00000b95  xTaskGetTickCountFromISR         
00000c69  xTaskIncrementTick               
00000fb9  xTaskRemoveFromEventList         
000009dd  xTaskResumeAll                   
00000841  xTaskResumeFromISR               


GLOBAL SYMBOLS: SORTED BY Symbol Address 

address   name                             
-------   ----                             
00000000  __TI_static_base__               
00000000  g_pfnVectors                     
00000200  __STACK_SIZE                     
0000026d  xTaskCreate                      
000004b9  vTaskDelete                      
0000058d  vTaskDelay                       
000005ed  vTaskSuspend                     
0000076d  vTaskResume                      
00000841  xTaskResumeFromISR               
00000939  vTaskStartScheduler              
000009a3  vTaskEndScheduler                
000009bf  vTaskSuspendAll                  
000009dd  xTaskResumeAll                   
00000b85  xTaskGetTickCount                
00000b95  xTaskGetTickCountFromISR         
00000ba9  uxTaskGetNumberOfTasks           
00000baf  pcTaskGetName                    
00000bfd  xTaskCatchUpTicks                
00000c69  xTaskIncrementTick               
00000e3f  vTaskSwitchContext               
00000ec9  vTaskPlaceOnEventList            
00000f0d  vTaskPlaceOnUnorderedEventList   
00000fb9  xTaskRemoveFromEventList         
00001119  vTaskRemoveFromUnorderedEventList
00001257  vTaskSetTimeOutState             
00001289  vTaskInternalSetTimeOutState     
000012b1  xTaskCheckForTimeOut             
0000135d  vTaskMissedYield                 
00001469  xTaskGetCurrentTaskHandle        
00001479  uxTaskResetEventItemValue        
000014a5  ulTaskGenericNotifyTake          
00001561  xTaskGenericNotifyWait           
00001671  xTaskGenericNotify               
00001857  xTaskGenericNotifyFromISR        
00001aad  vTaskGenericNotifyGiveFromISR    
00001c5d  xTaskGenericNotifyStateClear     
00001cc5  ulTaskGenericNotifyValueClear    
00001e01  pxPortInitialiseStack            
00001e8d  xPortStartScheduler              
00001f45  vPortEndScheduler                
00001f69  vPortEnterCritical               
00001fab  vPortExitCritical                
00001fd7  xPortSysTickHandler              
00001ffd  vPortSetupTimerInterrupt         
00002017  vPortValidateInterruptPriority   
000020b5  pvPortMalloc                     
000021db  vPortFree                        
00002299  xPortGetFreeHeapSize             
0000229f  vPortInitialiseBlocks            
000022a1  pvPortCalloc                     
00002397  UART0_Init                       
000023d7  UART0_SendByte                   
000023f3  UART0_ReceiveByte                
00002403  UART0_SendString                 
00002429  UART0_SendInteger                
00002509  vListInitialise                  
00002539  vListInitialiseItem              
00002549  vListInsertEnd                   
00002585  vListInsert                      
000025eb  uxListRemove                     
00002633  __aeabi_idiv0                    
00002633  __aeabi_ldiv0                    
00002635  Delay_MS                         
00002675  main                             
000026b5  vPeriodicTask1                   
000026e7  vPeriodicTask2                   
00002755  ulPortGetIPSR                    
0000276d  xPortPendSVHandler               
000027cd  vPortSVCHandler                  
000027ed  vPortStartFirstTask              
00002811  vPortEnableVFP                   
0000281f  __aeabi_memcpy                   
0000281f  __aeabi_memcpy4                  
0000281f  __aeabi_memcpy8                  
0000281f  memcpy                           
000028bb  __aeabi_uldivmod                 
00002951  __aeabi_memclr                   
00002951  __aeabi_memclr4                  
00002951  __aeabi_memclr8                  
00002953  __aeabi_memset                   
00002953  __aeabi_memset4                  
00002953  __aeabi_memset8                  
00002959  memset                           
000029cb  __aeabi_ldivmod                  
00002a39  __TI_decompress_lzss             
00002aa1  __TI_auto_init_nobinit_nopinit   
00002ae5  _c_int00_noargs                  
00002b19  __aeabi_lmul                     
00002b31  __TI_decompress_none             
00002b3f  __TI_zero_init                   
00002b4b  ResetISR                         
00002b57  _system_pre_init                 
00002b5b  C$$EXIT                          
00002b5b  abort                            
00002b60  ulMaxSyscallInterruptPriority    
00002b68  uxTopUsedPriority                
00002b88  __TI_Handler_Table_Base          
00002b94  __TI_Handler_Table_Limit         
00002ba0  __TI_CINIT_Base                  
00002bb0  __TI_CINIT_Limit                 
20000000  __start___llvm_prf_cnts          
20000000  __stop___llvm_prf_cnts           
200010e0  __stack                          
200012e0  __STACK_END                      
200012e0  __STACK_TOP                      
200012e0  pxCurrentTCB                     
ffffffff  __TI_pprof_out_hndl              
ffffffff  __TI_prof_data_size              
ffffffff  __TI_prof_data_start             
ffffffff  __binit__                        
ffffffff  __c_args__                       
ffffffff  binit                            
UNDEFED   __mpu_init                       
UNDEFED   _system_post_cinit               

[114 symbols]
