<?xml version="1.0" encoding="ISO-8859-1" ?>
<link_info>
   <banner>TI ARM Linker PC v20.2.7.LTS</banner>
   <copyright>Copyright (c) 1996-2018 Texas Instruments Incorporated</copyright>
   <link_time>0x65ceb144</link_time>
   <link_errors>0x0</link_errors>
   <output_file>01_TM_Lab22.out</output_file>
   <entry_point>
      <name>_c_int00_noargs</name>
      <address>0x28c5</address>
   </entry_point>
   <input_file_list>
      <input_file id="fl-2">
         <path>.\</path>
         <kind>object</kind>
         <file>main.obj</file>
         <name>main.obj</name>
      </input_file>
      <input_file id="fl-3">
         <path>.\</path>
         <kind>object</kind>
         <file>tm4c123gh6pm_startup_ccs.obj</file>
         <name>tm4c123gh6pm_startup_ccs.obj</name>
      </input_file>
      <input_file id="fl-4">
         <path>.\FreeRTOS\Source\</path>
         <kind>object</kind>
         <file>event_groups.obj</file>
         <name>event_groups.obj</name>
      </input_file>
      <input_file id="fl-5">
         <path>.\FreeRTOS\Source\</path>
         <kind>object</kind>
         <file>list.obj</file>
         <name>list.obj</name>
      </input_file>
      <input_file id="fl-6">
         <path>.\FreeRTOS\Source\</path>
         <kind>object</kind>
         <file>queue.obj</file>
         <name>queue.obj</name>
      </input_file>
      <input_file id="fl-7">
         <path>.\FreeRTOS\Source\</path>
         <kind>object</kind>
         <file>tasks.obj</file>
         <name>tasks.obj</name>
      </input_file>
      <input_file id="fl-8">
         <path>.\FreeRTOS\Source\</path>
         <kind>object</kind>
         <file>timers.obj</file>
         <name>timers.obj</name>
      </input_file>
      <input_file id="fl-9">
         <path>.\FreeRTOS\Source\portable\CCS\ARM_CM4F\</path>
         <kind>object</kind>
         <file>port.obj</file>
         <name>port.obj</name>
      </input_file>
      <input_file id="fl-a">
         <path>.\FreeRTOS\Source\portable\CCS\ARM_CM4F\</path>
         <kind>object</kind>
         <file>portasm.obj</file>
         <name>portasm.obj</name>
      </input_file>
      <input_file id="fl-b">
         <path>.\FreeRTOS\Source\portable\MemMang\</path>
         <kind>object</kind>
         <file>heap_1.obj</file>
         <name>heap_1.obj</name>
      </input_file>
      <input_file id="fl-c">
         <path>.\MCAL\GPIO\</path>
         <kind>object</kind>
         <file>gpio.obj</file>
         <name>gpio.obj</name>
      </input_file>
      <input_file id="fl-d">
         <path>.\MCAL\GPTM\</path>
         <kind>object</kind>
         <file>GPTM.obj</file>
         <name>GPTM.obj</name>
      </input_file>
      <input_file id="fl-e">
         <path>.\MCAL\UART\</path>
         <kind>object</kind>
         <file>uart0.obj</file>
         <name>uart0.obj</name>
      </input_file>
      <input_file id="fl-12">
         <kind>object</kind>
         <file>&lt;internal&gt;</file>
         <name>&lt;internal&gt;</name>
      </input_file>
      <input_file id="fl-c8">
         <path>D:\Applications\Code Composer Tiva C\ccs\tools\compiler\ti-cgt-arm_20.2.7.LTS\lib\</path>
         <kind>archive</kind>
         <file>rtsv7M4_T_le_v4SPD16_eabi.lib</file>
         <name>ll_mul_t2.asm.obj</name>
      </input_file>
      <input_file id="fl-c9">
         <path>D:\Applications\Code Composer Tiva C\ccs\tools\compiler\ti-cgt-arm_20.2.7.LTS\lib\</path>
         <kind>archive</kind>
         <file>rtsv7M4_T_le_v4SPD16_eabi.lib</file>
         <name>memcpy_t2.asm.obj</name>
      </input_file>
      <input_file id="fl-ca">
         <path>D:\Applications\Code Composer Tiva C\ccs\tools\compiler\ti-cgt-arm_20.2.7.LTS\lib\</path>
         <kind>archive</kind>
         <file>rtsv7M4_T_le_v4SPD16_eabi.lib</file>
         <name>memset_t2.asm.obj</name>
      </input_file>
      <input_file id="fl-cb">
         <path>D:\Applications\Code Composer Tiva C\ccs\tools\compiler\ti-cgt-arm_20.2.7.LTS\lib\</path>
         <kind>archive</kind>
         <file>rtsv7M4_T_le_v4SPD16_eabi.lib</file>
         <name>ll_div_t2.asm.obj</name>
      </input_file>
      <input_file id="fl-cc">
         <path>D:\Applications\Code Composer Tiva C\ccs\tools\compiler\ti-cgt-arm_20.2.7.LTS\lib\</path>
         <kind>archive</kind>
         <file>rtsv7M4_T_le_v4SPD16_eabi.lib</file>
         <name>ull_div_t2.asm.obj</name>
      </input_file>
      <input_file id="fl-cd">
         <path>D:\Applications\Code Composer Tiva C\ccs\tools\compiler\ti-cgt-arm_20.2.7.LTS\lib\</path>
         <kind>archive</kind>
         <file>rtsv7M4_T_le_v4SPD16_eabi.lib</file>
         <name>copy_zero_init.c.obj</name>
      </input_file>
      <input_file id="fl-ce">
         <path>D:\Applications\Code Composer Tiva C\ccs\tools\compiler\ti-cgt-arm_20.2.7.LTS\lib\</path>
         <kind>archive</kind>
         <file>rtsv7M4_T_le_v4SPD16_eabi.lib</file>
         <name>copy_decompress_none.c.obj</name>
      </input_file>
      <input_file id="fl-cf">
         <path>D:\Applications\Code Composer Tiva C\ccs\tools\compiler\ti-cgt-arm_20.2.7.LTS\lib\</path>
         <kind>archive</kind>
         <file>rtsv7M4_T_le_v4SPD16_eabi.lib</file>
         <name>copy_decompress_lzss.c.obj</name>
      </input_file>
      <input_file id="fl-d0">
         <path>D:\Applications\Code Composer Tiva C\ccs\tools\compiler\ti-cgt-arm_20.2.7.LTS\lib\</path>
         <kind>archive</kind>
         <file>rtsv7M4_T_le_v4SPD16_eabi.lib</file>
         <name>boot_cortex_m.c.obj</name>
      </input_file>
      <input_file id="fl-d1">
         <path>D:\Applications\Code Composer Tiva C\ccs\tools\compiler\ti-cgt-arm_20.2.7.LTS\lib\</path>
         <kind>archive</kind>
         <file>rtsv7M4_T_le_v4SPD16_eabi.lib</file>
         <name>div0.asm.obj</name>
      </input_file>
      <input_file id="fl-d2">
         <path>D:\Applications\Code Composer Tiva C\ccs\tools\compiler\ti-cgt-arm_20.2.7.LTS\lib\</path>
         <kind>archive</kind>
         <file>rtsv7M4_T_le_v4SPD16_eabi.lib</file>
         <name>autoinit.c.obj</name>
      </input_file>
      <input_file id="fl-d3">
         <path>D:\Applications\Code Composer Tiva C\ccs\tools\compiler\ti-cgt-arm_20.2.7.LTS\lib\</path>
         <kind>archive</kind>
         <file>rtsv7M4_T_le_v4SPD16_eabi.lib</file>
         <name>pre_init.c.obj</name>
      </input_file>
      <input_file id="fl-d4">
         <path>D:\Applications\Code Composer Tiva C\ccs\tools\compiler\ti-cgt-arm_20.2.7.LTS\lib\</path>
         <kind>archive</kind>
         <file>rtsv7M4_T_le_v4SPD16_eabi.lib</file>
         <name>cpy_tbl.c.obj</name>
      </input_file>
      <input_file id="fl-d5">
         <path>D:\Applications\Code Composer Tiva C\ccs\tools\compiler\ti-cgt-arm_20.2.7.LTS\lib\</path>
         <kind>archive</kind>
         <file>rtsv7M4_T_le_v4SPD16_eabi.lib</file>
         <name>exit.c.obj</name>
      </input_file>
      <input_file id="fl-d6">
         <path>D:\Applications\Code Composer Tiva C\ccs\tools\compiler\ti-cgt-arm_20.2.7.LTS\lib\</path>
         <kind>archive</kind>
         <file>rtsv7M4_T_le_v4SPD16_eabi.lib</file>
         <name>_lock.c.obj</name>
      </input_file>
      <input_file id="fl-d7">
         <path>D:\Applications\Code Composer Tiva C\ccs\tools\compiler\ti-cgt-arm_20.2.7.LTS\lib\</path>
         <kind>archive</kind>
         <file>rtsv7M4_T_le_v4SPD16_eabi.lib</file>
         <name>args_main.c.obj</name>
      </input_file>
   </input_file_list>
   <object_component_list>
      <object_component id="oc-12">
         <name>.intvecs</name>
         <load_address>0x0</load_address>
         <run_address>0x0</run_address>
         <size>0x26c</size>
         <input_file_ref idref="fl-3"/>
      </object_component>
      <object_component id="oc-7f">
         <name>.text</name>
         <load_address>0x26c</load_address>
         <run_address>0x26c</run_address>
         <size>0x1b34</size>
         <input_file_ref idref="fl-7"/>
      </object_component>
      <object_component id="oc-32">
         <name>.text</name>
         <load_address>0x1da0</load_address>
         <run_address>0x1da0</run_address>
         <size>0x2b4</size>
         <input_file_ref idref="fl-9"/>
      </object_component>
      <object_component id="oc-136">
         <name>.text</name>
         <load_address>0x2054</load_address>
         <run_address>0x2054</run_address>
         <size>0x1c8</size>
         <input_file_ref idref="fl-e"/>
      </object_component>
      <object_component id="oc-e4">
         <name>.text</name>
         <load_address>0x221c</load_address>
         <run_address>0x221c</run_address>
         <size>0x12a</size>
         <input_file_ref idref="fl-5"/>
      </object_component>
      <object_component id="oc-1e9">
         <name>.text</name>
         <load_address>0x2346</load_address>
         <run_address>0x2346</run_address>
         <size>0x2</size>
         <input_file_ref idref="fl-d1"/>
      </object_component>
      <object_component id="oc-c2">
         <name>.text</name>
         <load_address>0x2348</load_address>
         <run_address>0x2348</run_address>
         <size>0x108</size>
         <input_file_ref idref="fl-2"/>
      </object_component>
      <object_component id="oc-2d">
         <name>.text</name>
         <load_address>0x2450</load_address>
         <run_address>0x2450</run_address>
         <size>0xda</size>
         <input_file_ref idref="fl-a"/>
      </object_component>
      <object_component id="oc-de">
         <name>.text</name>
         <load_address>0x252c</load_address>
         <run_address>0x252c</run_address>
         <size>0xd0</size>
         <input_file_ref idref="fl-b"/>
      </object_component>
      <object_component id="oc-46">
         <name>.text</name>
         <load_address>0x25fc</load_address>
         <run_address>0x25fc</run_address>
         <size>0x9c</size>
         <input_file_ref idref="fl-c9"/>
      </object_component>
      <object_component id="oc-1ee">
         <name>.text</name>
         <load_address>0x2698</load_address>
         <run_address>0x2698</run_address>
         <size>0x96</size>
         <input_file_ref idref="fl-cc"/>
      </object_component>
      <object_component id="oc-b6">
         <name>.text</name>
         <load_address>0x272e</load_address>
         <run_address>0x272e</run_address>
         <size>0x7a</size>
         <input_file_ref idref="fl-ca"/>
      </object_component>
      <object_component id="oc-1b8">
         <name>.text</name>
         <load_address>0x27a8</load_address>
         <run_address>0x27a8</run_address>
         <size>0x6e</size>
         <input_file_ref idref="fl-cb"/>
      </object_component>
      <object_component id="oc-15">
         <name>.text:decompress:lzss:__TI_decompress_lzss</name>
         <load_address>0x2816</load_address>
         <run_address>0x2816</run_address>
         <size>0x68</size>
         <input_file_ref idref="fl-cf"/>
      </object_component>
      <object_component id="oc-149">
         <name>.text:__TI_auto_init_nobinit_nopinit:__TI_auto_init_nobinit_nopinit</name>
         <load_address>0x2880</load_address>
         <run_address>0x2880</run_address>
         <size>0x44</size>
         <input_file_ref idref="fl-d2"/>
      </object_component>
      <object_component id="oc-64">
         <name>.text:_c_int00_noargs:_c_int00_noargs</name>
         <load_address>0x28c4</load_address>
         <run_address>0x28c4</run_address>
         <size>0x34</size>
         <input_file_ref idref="fl-d0"/>
      </object_component>
      <object_component id="oc-131">
         <name>.text</name>
         <load_address>0x28f8</load_address>
         <run_address>0x28f8</run_address>
         <size>0x18</size>
         <input_file_ref idref="fl-c8"/>
      </object_component>
      <object_component id="oc-1b">
         <name>.text:decompress:none:__TI_decompress_none</name>
         <load_address>0x2910</load_address>
         <run_address>0x2910</run_address>
         <size>0xe</size>
         <input_file_ref idref="fl-ce"/>
      </object_component>
      <object_component id="oc-58">
         <name>.text:decompress:ZI:__TI_zero_init</name>
         <load_address>0x291e</load_address>
         <run_address>0x291e</run_address>
         <size>0xc</size>
         <input_file_ref idref="fl-cd"/>
      </object_component>
      <object_component id="oc-27">
         <name>.text</name>
         <load_address>0x292a</load_address>
         <run_address>0x292a</run_address>
         <size>0xc</size>
         <input_file_ref idref="fl-3"/>
      </object_component>
      <object_component id="oc-bc">
         <name>.text:_system_pre_init</name>
         <load_address>0x2936</load_address>
         <run_address>0x2936</run_address>
         <size>0x4</size>
         <input_file_ref idref="fl-d3"/>
      </object_component>
      <object_component id="oc-13d">
         <name>.text:abort:abort</name>
         <load_address>0x293a</load_address>
         <run_address>0x293a</run_address>
         <size>0x4</size>
         <input_file_ref idref="fl-d5"/>
      </object_component>
      <object_component id="oc-7c">
         <name>.const</name>
         <load_address>0x2940</load_address>
         <run_address>0x2940</run_address>
         <size>0x8</size>
         <input_file_ref idref="fl-9"/>
      </object_component>
      <object_component id="oc-f6">
         <name>.const</name>
         <load_address>0x2948</load_address>
         <run_address>0x2948</run_address>
         <size>0x4</size>
         <input_file_ref idref="fl-7"/>
      </object_component>
      <object_component id="oc-26b">
         <name>.cinit..data.load</name>
         <load_address>0x2950</load_address>
         <run_address>0x2950</run_address>
         <size>0x12</size>
      </object_component>
      <object_component id="oc-269">
         <name>__TI_handler_table</name>
         <load_address>0x2964</load_address>
         <run_address>0x2964</run_address>
         <size>0xc</size>
      </object_component>
      <object_component id="oc-26c">
         <name>.cinit..bss.load</name>
         <load_address>0x2970</load_address>
         <run_address>0x2970</run_address>
         <size>0x8</size>
      </object_component>
      <object_component id="oc-26a">
         <name>__TI_cinit_table</name>
         <load_address>0x2978</load_address>
         <run_address>0x2978</run_address>
         <size>0x10</size>
      </object_component>
      <object_component id="oc-79">
         <name>.data</name>
         <load_address>0x200012d0</load_address>
         <run_address>0x200012d0</run_address>
         <size>0x34</size>
         <input_file_ref idref="fl-7"/>
      </object_component>
      <object_component id="oc-86">
         <name>.data</name>
         <load_address>0x20001304</load_address>
         <run_address>0x20001304</run_address>
         <size>0xc</size>
         <input_file_ref idref="fl-9"/>
      </object_component>
      <object_component id="oc-196">
         <name>.data</name>
         <load_address>0x20001310</load_address>
         <run_address>0x20001310</run_address>
         <size>0x8</size>
         <input_file_ref idref="fl-b"/>
      </object_component>
      <object_component id="oc-ea">
         <name>.bss:pxReadyTasksLists</name>
         <uninitialized>true</uninitialized>
         <run_address>0x20001000</run_address>
         <size>0x64</size>
         <input_file_ref idref="fl-7"/>
      </object_component>
      <object_component id="oc-fc">
         <name>.bss:xDelayedTaskList1</name>
         <uninitialized>true</uninitialized>
         <run_address>0x20001064</run_address>
         <size>0x14</size>
         <input_file_ref idref="fl-7"/>
      </object_component>
      <object_component id="oc-ff">
         <name>.bss:xDelayedTaskList2</name>
         <uninitialized>true</uninitialized>
         <run_address>0x20001078</run_address>
         <size>0x14</size>
         <input_file_ref idref="fl-7"/>
      </object_component>
      <object_component id="oc-f9">
         <name>.bss</name>
         <uninitialized>true</uninitialized>
         <run_address>0x200010c8</run_address>
         <size>0x8</size>
         <input_file_ref idref="fl-7"/>
      </object_component>
      <object_component id="oc-f3">
         <name>.bss:xPendingReadyList</name>
         <uninitialized>true</uninitialized>
         <run_address>0x2000108c</run_address>
         <size>0x14</size>
         <input_file_ref idref="fl-7"/>
      </object_component>
      <object_component id="oc-ed">
         <name>.bss:xTasksWaitingTermination</name>
         <uninitialized>true</uninitialized>
         <run_address>0x200010b4</run_address>
         <size>0x14</size>
         <input_file_ref idref="fl-7"/>
      </object_component>
      <object_component id="oc-f0">
         <name>.bss:xSuspendedTaskList</name>
         <uninitialized>true</uninitialized>
         <run_address>0x200010a0</run_address>
         <size>0x14</size>
         <input_file_ref idref="fl-7"/>
      </object_component>
      <object_component id="oc-199">
         <name>.bss:ucHeap</name>
         <uninitialized>true</uninitialized>
         <run_address>0x20000000</run_address>
         <size>0x1000</size>
         <input_file_ref idref="fl-b"/>
      </object_component>
      <object_component id="oc-24">
         <name>.stack</name>
         <uninitialized>true</uninitialized>
         <run_address>0x200010d0</run_address>
         <size>0x4</size>
         <input_file_ref idref="fl-d0"/>
      </object_component>
      <object_component id="oc-26e">
         <name>.stack</name>
         <uninitialized>true</uninitialized>
         <run_address>0x200010d0</run_address>
         <size>0x0</size>
      </object_component>
      <object_component id="oc-11b">
         <name>.debug_info</name>
         <load_address>0x0</load_address>
         <run_address>0x0</run_address>
         <size>0x492</size>
         <input_file_ref idref="fl-2"/>
      </object_component>
      <object_component id="oc-c4">
         <name>.debug_info</name>
         <load_address>0x492</load_address>
         <run_address>0x492</run_address>
         <size>0x3ce</size>
         <input_file_ref idref="fl-2"/>
      </object_component>
      <object_component id="oc-10c">
         <name>.debug_info</name>
         <load_address>0x860</load_address>
         <run_address>0x860</run_address>
         <size>0x315</size>
         <input_file_ref idref="fl-2"/>
      </object_component>
      <object_component id="oc-9c">
         <name>.debug_info</name>
         <load_address>0xb75</load_address>
         <run_address>0xb75</run_address>
         <size>0x26b</size>
         <input_file_ref idref="fl-2"/>
      </object_component>
      <object_component id="oc-116">
         <name>.debug_info</name>
         <load_address>0xde0</load_address>
         <run_address>0xde0</run_address>
         <size>0x3ce</size>
         <input_file_ref idref="fl-2"/>
      </object_component>
      <object_component id="oc-41">
         <name>.debug_info</name>
         <load_address>0x11ae</load_address>
         <run_address>0x11ae</run_address>
         <size>0x84</size>
         <input_file_ref idref="fl-2"/>
      </object_component>
      <object_component id="oc-8b">
         <name>.debug_info</name>
         <load_address>0x1232</load_address>
         <run_address>0x1232</run_address>
         <size>0x2c</size>
         <input_file_ref idref="fl-2"/>
      </object_component>
      <object_component id="oc-11c">
         <name>.debug_info</name>
         <load_address>0x125e</load_address>
         <run_address>0x125e</run_address>
         <size>0x2a4</size>
         <input_file_ref idref="fl-2"/>
      </object_component>
      <object_component id="oc-95">
         <name>.debug_info</name>
         <load_address>0x1502</load_address>
         <run_address>0x1502</run_address>
         <size>0xbb</size>
         <input_file_ref idref="fl-2"/>
      </object_component>
      <object_component id="oc-1b2">
         <name>.debug_info</name>
         <load_address>0x15bd</load_address>
         <run_address>0x15bd</run_address>
         <size>0xae</size>
         <input_file_ref idref="fl-2"/>
      </object_component>
      <object_component id="oc-107">
         <name>.debug_info</name>
         <load_address>0x166b</load_address>
         <run_address>0x166b</run_address>
         <size>0x53</size>
         <input_file_ref idref="fl-2"/>
      </object_component>
      <object_component id="oc-90">
         <name>.debug_info</name>
         <load_address>0x16be</load_address>
         <run_address>0x16be</run_address>
         <size>0x53</size>
         <input_file_ref idref="fl-2"/>
      </object_component>
      <object_component id="oc-111">
         <name>.debug_info</name>
         <load_address>0x1711</load_address>
         <run_address>0x1711</run_address>
         <size>0x14c</size>
         <input_file_ref idref="fl-2"/>
      </object_component>
      <object_component id="oc-3a">
         <name>.debug_info</name>
         <load_address>0x185d</load_address>
         <run_address>0x185d</run_address>
         <size>0x34a</size>
         <input_file_ref idref="fl-3"/>
      </object_component>
      <object_component id="oc-13">
         <name>.debug_info</name>
         <load_address>0x1ba7</load_address>
         <run_address>0x1ba7</run_address>
         <size>0x109</size>
         <input_file_ref idref="fl-3"/>
      </object_component>
      <object_component id="oc-2a">
         <name>.debug_info</name>
         <load_address>0x1cb0</load_address>
         <run_address>0x1cb0</run_address>
         <size>0x285</size>
         <input_file_ref idref="fl-3"/>
      </object_component>
      <object_component id="oc-1df">
         <name>.debug_info</name>
         <load_address>0x1f35</load_address>
         <run_address>0x1f35</run_address>
         <size>0x65d</size>
         <input_file_ref idref="fl-4"/>
      </object_component>
      <object_component id="oc-182">
         <name>.debug_info</name>
         <load_address>0x2592</load_address>
         <run_address>0x2592</run_address>
         <size>0x110</size>
         <input_file_ref idref="fl-4"/>
      </object_component>
      <object_component id="oc-191">
         <name>.debug_info</name>
         <load_address>0x26a2</load_address>
         <run_address>0x26a2</run_address>
         <size>0x3ce</size>
         <input_file_ref idref="fl-4"/>
      </object_component>
      <object_component id="oc-219">
         <name>.debug_info</name>
         <load_address>0x2a70</load_address>
         <run_address>0x2a70</run_address>
         <size>0x62</size>
         <input_file_ref idref="fl-4"/>
      </object_component>
      <object_component id="oc-21e">
         <name>.debug_info</name>
         <load_address>0x2ad2</load_address>
         <run_address>0x2ad2</run_address>
         <size>0x39</size>
         <input_file_ref idref="fl-4"/>
      </object_component>
      <object_component id="oc-17d">
         <name>.debug_info</name>
         <load_address>0x2b0b</load_address>
         <run_address>0x2b0b</run_address>
         <size>0x4f</size>
         <input_file_ref idref="fl-4"/>
      </object_component>
      <object_component id="oc-19f">
         <name>.debug_info</name>
         <load_address>0x2b5a</load_address>
         <run_address>0x2b5a</run_address>
         <size>0x394</size>
         <input_file_ref idref="fl-5"/>
      </object_component>
      <object_component id="oc-e7">
         <name>.debug_info</name>
         <load_address>0x2eee</load_address>
         <run_address>0x2eee</run_address>
         <size>0x512</size>
         <input_file_ref idref="fl-5"/>
      </object_component>
      <object_component id="oc-1e0">
         <name>.debug_info</name>
         <load_address>0x3400</load_address>
         <run_address>0x3400</run_address>
         <size>0x733</size>
         <input_file_ref idref="fl-6"/>
      </object_component>
      <object_component id="oc-225">
         <name>.debug_info</name>
         <load_address>0x3b33</load_address>
         <run_address>0x3b33</run_address>
         <size>0x1c7</size>
         <input_file_ref idref="fl-6"/>
      </object_component>
      <object_component id="oc-22a">
         <name>.debug_info</name>
         <load_address>0x3cfa</load_address>
         <run_address>0x3cfa</run_address>
         <size>0x46</size>
         <input_file_ref idref="fl-6"/>
      </object_component>
      <object_component id="oc-187">
         <name>.debug_info</name>
         <load_address>0x3d40</load_address>
         <run_address>0x3d40</run_address>
         <size>0x35</size>
         <input_file_ref idref="fl-6"/>
      </object_component>
      <object_component id="oc-d6">
         <name>.debug_info</name>
         <load_address>0x3d75</load_address>
         <run_address>0x3d75</run_address>
         <size>0x7b5</size>
         <input_file_ref idref="fl-7"/>
      </object_component>
      <object_component id="oc-7a">
         <name>.debug_info</name>
         <load_address>0x452a</load_address>
         <run_address>0x452a</run_address>
         <size>0x367</size>
         <input_file_ref idref="fl-7"/>
      </object_component>
      <object_component id="oc-eb">
         <name>.debug_info</name>
         <load_address>0x4891</load_address>
         <run_address>0x4891</run_address>
         <size>0x110</size>
         <input_file_ref idref="fl-7"/>
      </object_component>
      <object_component id="oc-fd">
         <name>.debug_info</name>
         <load_address>0x49a1</load_address>
         <run_address>0x49a1</run_address>
         <size>0x110</size>
         <input_file_ref idref="fl-7"/>
      </object_component>
      <object_component id="oc-100">
         <name>.debug_info</name>
         <load_address>0x4ab1</load_address>
         <run_address>0x4ab1</run_address>
         <size>0x110</size>
         <input_file_ref idref="fl-7"/>
      </object_component>
      <object_component id="oc-fa">
         <name>.debug_info</name>
         <load_address>0x4bc1</load_address>
         <run_address>0x4bc1</run_address>
         <size>0x153</size>
         <input_file_ref idref="fl-7"/>
      </object_component>
      <object_component id="oc-f4">
         <name>.debug_info</name>
         <load_address>0x4d14</load_address>
         <run_address>0x4d14</run_address>
         <size>0x110</size>
         <input_file_ref idref="fl-7"/>
      </object_component>
      <object_component id="oc-ee">
         <name>.debug_info</name>
         <load_address>0x4e24</load_address>
         <run_address>0x4e24</run_address>
         <size>0x11e</size>
         <input_file_ref idref="fl-7"/>
      </object_component>
      <object_component id="oc-f1">
         <name>.debug_info</name>
         <load_address>0x4f42</load_address>
         <run_address>0x4f42</run_address>
         <size>0x112</size>
         <input_file_ref idref="fl-7"/>
      </object_component>
      <object_component id="oc-f7">
         <name>.debug_info</name>
         <load_address>0x5054</load_address>
         <run_address>0x5054</run_address>
         <size>0x111</size>
         <input_file_ref idref="fl-7"/>
      </object_component>
      <object_component id="oc-80">
         <name>.debug_info</name>
         <load_address>0x5165</load_address>
         <run_address>0x5165</run_address>
         <size>0x3bf3</size>
         <input_file_ref idref="fl-7"/>
      </object_component>
      <object_component id="oc-d7">
         <name>.debug_info</name>
         <load_address>0x8d58</load_address>
         <run_address>0x8d58</run_address>
         <size>0x30c</size>
         <input_file_ref idref="fl-7"/>
      </object_component>
      <object_component id="oc-18c">
         <name>.debug_info</name>
         <load_address>0x9064</load_address>
         <run_address>0x9064</run_address>
         <size>0xf1</size>
         <input_file_ref idref="fl-7"/>
      </object_component>
      <object_component id="oc-8a">
         <name>.debug_info</name>
         <load_address>0x9155</load_address>
         <run_address>0x9155</run_address>
         <size>0x47b</size>
         <input_file_ref idref="fl-9"/>
      </object_component>
      <object_component id="oc-7d">
         <name>.debug_info</name>
         <load_address>0x95d0</load_address>
         <run_address>0x95d0</run_address>
         <size>0x185</size>
         <input_file_ref idref="fl-9"/>
      </object_component>
      <object_component id="oc-87">
         <name>.debug_info</name>
         <load_address>0x9755</load_address>
         <run_address>0x9755</run_address>
         <size>0x190</size>
         <input_file_ref idref="fl-9"/>
      </object_component>
      <object_component id="oc-36">
         <name>.debug_info</name>
         <load_address>0x98e5</load_address>
         <run_address>0x98e5</run_address>
         <size>0x91c</size>
         <input_file_ref idref="fl-9"/>
      </object_component>
      <object_component id="oc-2f">
         <name>.debug_info</name>
         <load_address>0xa201</load_address>
         <run_address>0xa201</run_address>
         <size>0x272</size>
         <input_file_ref idref="fl-a"/>
      </object_component>
      <object_component id="oc-19d">
         <name>.debug_info</name>
         <load_address>0xa473</load_address>
         <run_address>0xa473</run_address>
         <size>0x42d</size>
         <input_file_ref idref="fl-b"/>
      </object_component>
      <object_component id="oc-19a">
         <name>.debug_info</name>
         <load_address>0xa8a0</load_address>
         <run_address>0xa8a0</run_address>
         <size>0x10b</size>
         <input_file_ref idref="fl-b"/>
      </object_component>
      <object_component id="oc-197">
         <name>.debug_info</name>
         <load_address>0xa9ab</load_address>
         <run_address>0xa9ab</run_address>
         <size>0x119</size>
         <input_file_ref idref="fl-b"/>
      </object_component>
      <object_component id="oc-df">
         <name>.debug_info</name>
         <load_address>0xaac4</load_address>
         <run_address>0xaac4</run_address>
         <size>0x429</size>
         <input_file_ref idref="fl-b"/>
      </object_component>
      <object_component id="oc-1be">
         <name>.debug_info</name>
         <load_address>0xaeed</load_address>
         <run_address>0xaeed</run_address>
         <size>0x28a</size>
         <input_file_ref idref="fl-e"/>
      </object_component>
      <object_component id="oc-139">
         <name>.debug_info</name>
         <load_address>0xb177</load_address>
         <run_address>0xb177</run_address>
         <size>0x48a</size>
         <input_file_ref idref="fl-e"/>
      </object_component>
      <object_component id="oc-133">
         <name>.debug_info</name>
         <load_address>0xb601</load_address>
         <run_address>0xb601</run_address>
         <size>0x122</size>
         <input_file_ref idref="fl-c8"/>
      </object_component>
      <object_component id="oc-49">
         <name>.debug_info</name>
         <load_address>0xb723</load_address>
         <run_address>0xb723</run_address>
         <size>0x119</size>
         <input_file_ref idref="fl-c9"/>
      </object_component>
      <object_component id="oc-b7">
         <name>.debug_info</name>
         <load_address>0xb83c</load_address>
         <run_address>0xb83c</run_address>
         <size>0x147</size>
         <input_file_ref idref="fl-ca"/>
      </object_component>
      <object_component id="oc-1b9">
         <name>.debug_info</name>
         <load_address>0xb983</load_address>
         <run_address>0xb983</run_address>
         <size>0x13f</size>
         <input_file_ref idref="fl-cb"/>
      </object_component>
      <object_component id="oc-1f1">
         <name>.debug_info</name>
         <load_address>0xbac2</load_address>
         <run_address>0xbac2</run_address>
         <size>0x134</size>
         <input_file_ref idref="fl-cc"/>
      </object_component>
      <object_component id="oc-b5">
         <name>.debug_info</name>
         <load_address>0xbbf6</load_address>
         <run_address>0xbbf6</run_address>
         <size>0x2d4</size>
         <input_file_ref idref="fl-cd"/>
      </object_component>
      <object_component id="oc-5c">
         <name>.debug_info</name>
         <load_address>0xbeca</load_address>
         <run_address>0xbeca</run_address>
         <size>0x1b5</size>
         <input_file_ref idref="fl-cd"/>
      </object_component>
      <object_component id="oc-b0">
         <name>.debug_info</name>
         <load_address>0xc07f</load_address>
         <run_address>0xc07f</run_address>
         <size>0x46</size>
         <input_file_ref idref="fl-cd"/>
      </object_component>
      <object_component id="oc-128">
         <name>.debug_info</name>
         <load_address>0xc0c5</load_address>
         <run_address>0xc0c5</run_address>
         <size>0x2c</size>
         <input_file_ref idref="fl-cd"/>
      </object_component>
      <object_component id="oc-51">
         <name>.debug_info</name>
         <load_address>0xc0f1</load_address>
         <run_address>0xc0f1</run_address>
         <size>0x2a8</size>
         <input_file_ref idref="fl-ce"/>
      </object_component>
      <object_component id="oc-1e">
         <name>.debug_info</name>
         <load_address>0xc399</load_address>
         <run_address>0xc399</run_address>
         <size>0x1ea</size>
         <input_file_ref idref="fl-ce"/>
      </object_component>
      <object_component id="oc-4c">
         <name>.debug_info</name>
         <load_address>0xc583</load_address>
         <run_address>0xc583</run_address>
         <size>0x46</size>
         <input_file_ref idref="fl-ce"/>
      </object_component>
      <object_component id="oc-a8">
         <name>.debug_info</name>
         <load_address>0xc5c9</load_address>
         <run_address>0xc5c9</run_address>
         <size>0x2c</size>
         <input_file_ref idref="fl-ce"/>
      </object_component>
      <object_component id="oc-a6">
         <name>.debug_info</name>
         <load_address>0xc5f5</load_address>
         <run_address>0xc5f5</run_address>
         <size>0x29e</size>
         <input_file_ref idref="fl-cf"/>
      </object_component>
      <object_component id="oc-18">
         <name>.debug_info</name>
         <load_address>0xc893</load_address>
         <run_address>0xc893</run_address>
         <size>0x250</size>
         <input_file_ref idref="fl-cf"/>
      </object_component>
      <object_component id="oc-3c">
         <name>.debug_info</name>
         <load_address>0xcae3</load_address>
         <run_address>0xcae3</run_address>
         <size>0x60</size>
         <input_file_ref idref="fl-cf"/>
      </object_component>
      <object_component id="oc-121">
         <name>.debug_info</name>
         <load_address>0xcb43</load_address>
         <run_address>0xcb43</run_address>
         <size>0x46</size>
         <input_file_ref idref="fl-cf"/>
      </object_component>
      <object_component id="oc-a1">
         <name>.debug_info</name>
         <load_address>0xcb89</load_address>
         <run_address>0xcb89</run_address>
         <size>0x39</size>
         <input_file_ref idref="fl-cf"/>
      </object_component>
      <object_component id="oc-25">
         <name>.debug_info</name>
         <load_address>0xcbc2</load_address>
         <run_address>0xcbc2</run_address>
         <size>0x10b</size>
         <input_file_ref idref="fl-d0"/>
      </object_component>
      <object_component id="oc-65">
         <name>.debug_info</name>
         <load_address>0xcccd</load_address>
         <run_address>0xcccd</run_address>
         <size>0x1a9</size>
         <input_file_ref idref="fl-d0"/>
      </object_component>
      <object_component id="oc-1ea">
         <name>.debug_info</name>
         <load_address>0xce76</load_address>
         <run_address>0xce76</run_address>
         <size>0x115</size>
         <input_file_ref idref="fl-d1"/>
      </object_component>
      <object_component id="oc-1ca">
         <name>.debug_info</name>
         <load_address>0xcf8b</load_address>
         <run_address>0xcf8b</run_address>
         <size>0x4b3</size>
         <input_file_ref idref="fl-d2"/>
      </object_component>
      <object_component id="oc-14b">
         <name>.debug_info</name>
         <load_address>0xd43e</load_address>
         <run_address>0xd43e</run_address>
         <size>0x1a6</size>
         <input_file_ref idref="fl-d2"/>
      </object_component>
      <object_component id="oc-206">
         <name>.debug_info</name>
         <load_address>0xd5e4</load_address>
         <run_address>0xd5e4</run_address>
         <size>0x39</size>
         <input_file_ref idref="fl-d2"/>
      </object_component>
      <object_component id="oc-234">
         <name>.debug_info</name>
         <load_address>0xd61d</load_address>
         <run_address>0xd61d</run_address>
         <size>0x39</size>
         <input_file_ref idref="fl-d2"/>
      </object_component>
      <object_component id="oc-20b">
         <name>.debug_info</name>
         <load_address>0xd656</load_address>
         <run_address>0xd656</run_address>
         <size>0x39</size>
         <input_file_ref idref="fl-d2"/>
      </object_component>
      <object_component id="oc-210">
         <name>.debug_info</name>
         <load_address>0xd68f</load_address>
         <run_address>0xd68f</run_address>
         <size>0xcd</size>
         <input_file_ref idref="fl-d2"/>
      </object_component>
      <object_component id="oc-bd">
         <name>.debug_info</name>
         <load_address>0xd75c</load_address>
         <run_address>0xd75c</run_address>
         <size>0x153</size>
         <input_file_ref idref="fl-d3"/>
      </object_component>
      <object_component id="oc-141">
         <name>.debug_info</name>
         <load_address>0xd8af</load_address>
         <run_address>0xd8af</run_address>
         <size>0x122</size>
         <input_file_ref idref="fl-d5"/>
      </object_component>
      <object_component id="oc-26f">
         <name>.debug_info</name>
         <load_address>0xd9d1</load_address>
         <run_address>0xd9d1</run_address>
         <size>0xbc</size>
      </object_component>
      <object_component id="oc-1b1">
         <name>.debug_line</name>
         <load_address>0x0</load_address>
         <run_address>0x0</run_address>
         <size>0x5d</size>
         <input_file_ref idref="fl-2"/>
      </object_component>
      <object_component id="oc-c3">
         <name>.debug_line</name>
         <load_address>0x5d</load_address>
         <run_address>0x5d</run_address>
         <size>0xb8</size>
         <input_file_ref idref="fl-2"/>
      </object_component>
      <object_component id="oc-10f">
         <name>.debug_line</name>
         <load_address>0x115</load_address>
         <run_address>0x115</run_address>
         <size>0x45</size>
         <input_file_ref idref="fl-2"/>
      </object_component>
      <object_component id="oc-9f">
         <name>.debug_line</name>
         <load_address>0x15a</load_address>
         <run_address>0x15a</run_address>
         <size>0x86</size>
         <input_file_ref idref="fl-2"/>
      </object_component>
      <object_component id="oc-119">
         <name>.debug_line</name>
         <load_address>0x1e0</load_address>
         <run_address>0x1e0</run_address>
         <size>0x49</size>
         <input_file_ref idref="fl-2"/>
      </object_component>
      <object_component id="oc-44">
         <name>.debug_line</name>
         <load_address>0x229</load_address>
         <run_address>0x229</run_address>
         <size>0x20</size>
         <input_file_ref idref="fl-2"/>
      </object_component>
      <object_component id="oc-8e">
         <name>.debug_line</name>
         <load_address>0x249</load_address>
         <run_address>0x249</run_address>
         <size>0x49</size>
         <input_file_ref idref="fl-2"/>
      </object_component>
      <object_component id="oc-11f">
         <name>.debug_line</name>
         <load_address>0x292</load_address>
         <run_address>0x292</run_address>
         <size>0x8a</size>
         <input_file_ref idref="fl-2"/>
      </object_component>
      <object_component id="oc-98">
         <name>.debug_line</name>
         <load_address>0x31c</load_address>
         <run_address>0x31c</run_address>
         <size>0x87</size>
         <input_file_ref idref="fl-2"/>
      </object_component>
      <object_component id="oc-1b5">
         <name>.debug_line</name>
         <load_address>0x3a3</load_address>
         <run_address>0x3a3</run_address>
         <size>0x49</size>
         <input_file_ref idref="fl-2"/>
      </object_component>
      <object_component id="oc-10a">
         <name>.debug_line</name>
         <load_address>0x3ec</load_address>
         <run_address>0x3ec</run_address>
         <size>0x82</size>
         <input_file_ref idref="fl-2"/>
      </object_component>
      <object_component id="oc-93">
         <name>.debug_line</name>
         <load_address>0x46e</load_address>
         <run_address>0x46e</run_address>
         <size>0x63</size>
         <input_file_ref idref="fl-2"/>
      </object_component>
      <object_component id="oc-114">
         <name>.debug_line</name>
         <load_address>0x4d1</load_address>
         <run_address>0x4d1</run_address>
         <size>0x45</size>
         <input_file_ref idref="fl-2"/>
      </object_component>
      <object_component id="oc-9b">
         <name>.debug_line</name>
         <load_address>0x516</load_address>
         <run_address>0x516</run_address>
         <size>0x41</size>
         <input_file_ref idref="fl-3"/>
      </object_component>
      <object_component id="oc-39">
         <name>.debug_line</name>
         <load_address>0x557</load_address>
         <run_address>0x557</run_address>
         <size>0x41</size>
         <input_file_ref idref="fl-3"/>
      </object_component>
      <object_component id="oc-29">
         <name>.debug_line</name>
         <load_address>0x598</load_address>
         <run_address>0x598</run_address>
         <size>0xa1</size>
         <input_file_ref idref="fl-3"/>
      </object_component>
      <object_component id="oc-218">
         <name>.debug_line</name>
         <load_address>0x639</load_address>
         <run_address>0x639</run_address>
         <size>0xd6</size>
         <input_file_ref idref="fl-4"/>
      </object_component>
      <object_component id="oc-185">
         <name>.debug_line</name>
         <load_address>0x70f</load_address>
         <run_address>0x70f</run_address>
         <size>0x82</size>
         <input_file_ref idref="fl-4"/>
      </object_component>
      <object_component id="oc-194">
         <name>.debug_line</name>
         <load_address>0x791</load_address>
         <run_address>0x791</run_address>
         <size>0x49</size>
         <input_file_ref idref="fl-4"/>
      </object_component>
      <object_component id="oc-21c">
         <name>.debug_line</name>
         <load_address>0x7da</load_address>
         <run_address>0x7da</run_address>
         <size>0x45</size>
         <input_file_ref idref="fl-4"/>
      </object_component>
      <object_component id="oc-221">
         <name>.debug_line</name>
         <load_address>0x81f</load_address>
         <run_address>0x81f</run_address>
         <size>0x4d</size>
         <input_file_ref idref="fl-4"/>
      </object_component>
      <object_component id="oc-180">
         <name>.debug_line</name>
         <load_address>0x86c</load_address>
         <run_address>0x86c</run_address>
         <size>0x47</size>
         <input_file_ref idref="fl-4"/>
      </object_component>
      <object_component id="oc-1e8">
         <name>.debug_line</name>
         <load_address>0x8b3</load_address>
         <run_address>0x8b3</run_address>
         <size>0x20</size>
         <input_file_ref idref="fl-5"/>
      </object_component>
      <object_component id="oc-e9">
         <name>.debug_line</name>
         <load_address>0x8d3</load_address>
         <run_address>0x8d3</run_address>
         <size>0xf0</size>
         <input_file_ref idref="fl-5"/>
      </object_component>
      <object_component id="oc-224">
         <name>.debug_line</name>
         <load_address>0x9c3</load_address>
         <run_address>0x9c3</run_address>
         <size>0xd6</size>
         <input_file_ref idref="fl-6"/>
      </object_component>
      <object_component id="oc-228">
         <name>.debug_line</name>
         <load_address>0xa99</load_address>
         <run_address>0xa99</run_address>
         <size>0x3e</size>
         <input_file_ref idref="fl-6"/>
      </object_component>
      <object_component id="oc-22d">
         <name>.debug_line</name>
         <load_address>0xad7</load_address>
         <run_address>0xad7</run_address>
         <size>0x46</size>
         <input_file_ref idref="fl-6"/>
      </object_component>
      <object_component id="oc-18a">
         <name>.debug_line</name>
         <load_address>0xb1d</load_address>
         <run_address>0xb1d</run_address>
         <size>0x8b</size>
         <input_file_ref idref="fl-6"/>
      </object_component>
      <object_component id="oc-17c">
         <name>.debug_line</name>
         <load_address>0xba8</load_address>
         <run_address>0xba8</run_address>
         <size>0x113</size>
         <input_file_ref idref="fl-7"/>
      </object_component>
      <object_component id="oc-d5">
         <name>.debug_line</name>
         <load_address>0xcbb</load_address>
         <run_address>0xcbb</run_address>
         <size>0x3e</size>
         <input_file_ref idref="fl-7"/>
      </object_component>
      <object_component id="oc-1a1">
         <name>.debug_line</name>
         <load_address>0xcf9</load_address>
         <run_address>0xcf9</run_address>
         <size>0x3e</size>
         <input_file_ref idref="fl-7"/>
      </object_component>
      <object_component id="oc-1ad">
         <name>.debug_line</name>
         <load_address>0xd37</load_address>
         <run_address>0xd37</run_address>
         <size>0x3e</size>
         <input_file_ref idref="fl-7"/>
      </object_component>
      <object_component id="oc-1af">
         <name>.debug_line</name>
         <load_address>0xd75</load_address>
         <run_address>0xd75</run_address>
         <size>0x3e</size>
         <input_file_ref idref="fl-7"/>
      </object_component>
      <object_component id="oc-1ab">
         <name>.debug_line</name>
         <load_address>0xdb3</load_address>
         <run_address>0xdb3</run_address>
         <size>0x3e</size>
         <input_file_ref idref="fl-7"/>
      </object_component>
      <object_component id="oc-1a7">
         <name>.debug_line</name>
         <load_address>0xdf1</load_address>
         <run_address>0xdf1</run_address>
         <size>0x3e</size>
         <input_file_ref idref="fl-7"/>
      </object_component>
      <object_component id="oc-1a3">
         <name>.debug_line</name>
         <load_address>0xe2f</load_address>
         <run_address>0xe2f</run_address>
         <size>0x3e</size>
         <input_file_ref idref="fl-7"/>
      </object_component>
      <object_component id="oc-1a5">
         <name>.debug_line</name>
         <load_address>0xe6d</load_address>
         <run_address>0xe6d</run_address>
         <size>0x3e</size>
         <input_file_ref idref="fl-7"/>
      </object_component>
      <object_component id="oc-1a9">
         <name>.debug_line</name>
         <load_address>0xeab</load_address>
         <run_address>0xeab</run_address>
         <size>0x3e</size>
         <input_file_ref idref="fl-7"/>
      </object_component>
      <object_component id="oc-83">
         <name>.debug_line</name>
         <load_address>0xee9</load_address>
         <run_address>0xee9</run_address>
         <size>0x9a0</size>
         <input_file_ref idref="fl-7"/>
      </object_component>
      <object_component id="oc-da">
         <name>.debug_line</name>
         <load_address>0x1889</load_address>
         <run_address>0x1889</run_address>
         <size>0x45</size>
         <input_file_ref idref="fl-7"/>
      </object_component>
      <object_component id="oc-18f">
         <name>.debug_line</name>
         <load_address>0x18ce</load_address>
         <run_address>0x18ce</run_address>
         <size>0x3e</size>
         <input_file_ref idref="fl-7"/>
      </object_component>
      <object_component id="oc-106">
         <name>.debug_line</name>
         <load_address>0x190c</load_address>
         <run_address>0x190c</run_address>
         <size>0x97</size>
         <input_file_ref idref="fl-9"/>
      </object_component>
      <object_component id="oc-dd">
         <name>.debug_line</name>
         <load_address>0x19a3</load_address>
         <run_address>0x19a3</run_address>
         <size>0x53</size>
         <input_file_ref idref="fl-9"/>
      </object_component>
      <object_component id="oc-104">
         <name>.debug_line</name>
         <load_address>0x19f6</load_address>
         <run_address>0x19f6</run_address>
         <size>0x53</size>
         <input_file_ref idref="fl-9"/>
      </object_component>
      <object_component id="oc-33">
         <name>.debug_line</name>
         <load_address>0x1a49</load_address>
         <run_address>0x1a49</run_address>
         <size>0x192</size>
         <input_file_ref idref="fl-9"/>
      </object_component>
      <object_component id="oc-31">
         <name>.debug_line</name>
         <load_address>0x1bdb</load_address>
         <run_address>0x1bdb</run_address>
         <size>0xe8</size>
         <input_file_ref idref="fl-a"/>
      </object_component>
      <object_component id="oc-1e6">
         <name>.debug_line</name>
         <load_address>0x1cc3</load_address>
         <run_address>0x1cc3</run_address>
         <size>0x5c</size>
         <input_file_ref idref="fl-b"/>
      </object_component>
      <object_component id="oc-1e4">
         <name>.debug_line</name>
         <load_address>0x1d1f</load_address>
         <run_address>0x1d1f</run_address>
         <size>0x50</size>
         <input_file_ref idref="fl-b"/>
      </object_component>
      <object_component id="oc-1e2">
         <name>.debug_line</name>
         <load_address>0x1d6f</load_address>
         <run_address>0x1d6f</run_address>
         <size>0x50</size>
         <input_file_ref idref="fl-b"/>
      </object_component>
      <object_component id="oc-e2">
         <name>.debug_line</name>
         <load_address>0x1dbf</load_address>
         <run_address>0x1dbf</run_address>
         <size>0xd5</size>
         <input_file_ref idref="fl-b"/>
      </object_component>
      <object_component id="oc-1f5">
         <name>.debug_line</name>
         <load_address>0x1e94</load_address>
         <run_address>0x1e94</run_address>
         <size>0x20</size>
         <input_file_ref idref="fl-e"/>
      </object_component>
      <object_component id="oc-13b">
         <name>.debug_line</name>
         <load_address>0x1eb4</load_address>
         <run_address>0x1eb4</run_address>
         <size>0x11e</size>
         <input_file_ref idref="fl-e"/>
      </object_component>
      <object_component id="oc-132">
         <name>.debug_line</name>
         <load_address>0x1fd2</load_address>
         <run_address>0x1fd2</run_address>
         <size>0x43</size>
         <input_file_ref idref="fl-c8"/>
      </object_component>
      <object_component id="oc-47">
         <name>.debug_line</name>
         <load_address>0x2015</load_address>
         <run_address>0x2015</run_address>
         <size>0x88</size>
         <input_file_ref idref="fl-c9"/>
      </object_component>
      <object_component id="oc-ba">
         <name>.debug_line</name>
         <load_address>0x209d</load_address>
         <run_address>0x209d</run_address>
         <size>0x79</size>
         <input_file_ref idref="fl-ca"/>
      </object_component>
      <object_component id="oc-1bc">
         <name>.debug_line</name>
         <load_address>0x2116</load_address>
         <run_address>0x2116</run_address>
         <size>0x68</size>
         <input_file_ref idref="fl-cb"/>
      </object_component>
      <object_component id="oc-1f0">
         <name>.debug_line</name>
         <load_address>0x217e</load_address>
         <run_address>0x217e</run_address>
         <size>0x81</size>
         <input_file_ref idref="fl-cc"/>
      </object_component>
      <object_component id="oc-12e">
         <name>.debug_line</name>
         <load_address>0x21ff</load_address>
         <run_address>0x21ff</run_address>
         <size>0x92</size>
         <input_file_ref idref="fl-cd"/>
      </object_component>
      <object_component id="oc-59">
         <name>.debug_line</name>
         <load_address>0x2291</load_address>
         <run_address>0x2291</run_address>
         <size>0x53</size>
         <input_file_ref idref="fl-cd"/>
      </object_component>
      <object_component id="oc-b3">
         <name>.debug_line</name>
         <load_address>0x22e4</load_address>
         <run_address>0x22e4</run_address>
         <size>0x34</size>
         <input_file_ref idref="fl-cd"/>
      </object_component>
      <object_component id="oc-12b">
         <name>.debug_line</name>
         <load_address>0x2318</load_address>
         <run_address>0x2318</run_address>
         <size>0x92</size>
         <input_file_ref idref="fl-cd"/>
      </object_component>
      <object_component id="oc-ae">
         <name>.debug_line</name>
         <load_address>0x23aa</load_address>
         <run_address>0x23aa</run_address>
         <size>0x20</size>
         <input_file_ref idref="fl-ce"/>
      </object_component>
      <object_component id="oc-20">
         <name>.debug_line</name>
         <load_address>0x23ca</load_address>
         <run_address>0x23ca</run_address>
         <size>0x55</size>
         <input_file_ref idref="fl-ce"/>
      </object_component>
      <object_component id="oc-4f">
         <name>.debug_line</name>
         <load_address>0x241f</load_address>
         <run_address>0x241f</run_address>
         <size>0x3a</size>
         <input_file_ref idref="fl-ce"/>
      </object_component>
      <object_component id="oc-ab">
         <name>.debug_line</name>
         <load_address>0x2459</load_address>
         <run_address>0x2459</run_address>
         <size>0x92</size>
         <input_file_ref idref="fl-ce"/>
      </object_component>
      <object_component id="oc-127">
         <name>.debug_line</name>
         <load_address>0x24eb</load_address>
         <run_address>0x24eb</run_address>
         <size>0x20</size>
         <input_file_ref idref="fl-cf"/>
      </object_component>
      <object_component id="oc-17">
         <name>.debug_line</name>
         <load_address>0x250b</load_address>
         <run_address>0x250b</run_address>
         <size>0xa9</size>
         <input_file_ref idref="fl-cf"/>
      </object_component>
      <object_component id="oc-3f">
         <name>.debug_line</name>
         <load_address>0x25b4</load_address>
         <run_address>0x25b4</run_address>
         <size>0x3a</size>
         <input_file_ref idref="fl-cf"/>
      </object_component>
      <object_component id="oc-124">
         <name>.debug_line</name>
         <load_address>0x25ee</load_address>
         <run_address>0x25ee</run_address>
         <size>0x9a</size>
         <input_file_ref idref="fl-cf"/>
      </object_component>
      <object_component id="oc-a4">
         <name>.debug_line</name>
         <load_address>0x2688</load_address>
         <run_address>0x2688</run_address>
         <size>0x96</size>
         <input_file_ref idref="fl-cf"/>
      </object_component>
      <object_component id="oc-77">
         <name>.debug_line</name>
         <load_address>0x271e</load_address>
         <run_address>0x271e</run_address>
         <size>0x33</size>
         <input_file_ref idref="fl-d0"/>
      </object_component>
      <object_component id="oc-68">
         <name>.debug_line</name>
         <load_address>0x2751</load_address>
         <run_address>0x2751</run_address>
         <size>0x45</size>
         <input_file_ref idref="fl-d0"/>
      </object_component>
      <object_component id="oc-1ed">
         <name>.debug_line</name>
         <load_address>0x2796</load_address>
         <run_address>0x2796</run_address>
         <size>0x37</size>
         <input_file_ref idref="fl-d1"/>
      </object_component>
      <object_component id="oc-205">
         <name>.debug_line</name>
         <load_address>0x27cd</load_address>
         <run_address>0x27cd</run_address>
         <size>0xbf</size>
         <input_file_ref idref="fl-d2"/>
      </object_component>
      <object_component id="oc-14d">
         <name>.debug_line</name>
         <load_address>0x288c</load_address>
         <run_address>0x288c</run_address>
         <size>0x6f</size>
         <input_file_ref idref="fl-d2"/>
      </object_component>
      <object_component id="oc-209">
         <name>.debug_line</name>
         <load_address>0x28fb</load_address>
         <run_address>0x28fb</run_address>
         <size>0x2e</size>
         <input_file_ref idref="fl-d2"/>
      </object_component>
      <object_component id="oc-237">
         <name>.debug_line</name>
         <load_address>0x2929</load_address>
         <run_address>0x2929</run_address>
         <size>0x9a</size>
         <input_file_ref idref="fl-d2"/>
      </object_component>
      <object_component id="oc-20e">
         <name>.debug_line</name>
         <load_address>0x29c3</load_address>
         <run_address>0x29c3</run_address>
         <size>0x97</size>
         <input_file_ref idref="fl-d2"/>
      </object_component>
      <object_component id="oc-213">
         <name>.debug_line</name>
         <load_address>0x2a5a</load_address>
         <run_address>0x2a5a</run_address>
         <size>0x93</size>
         <input_file_ref idref="fl-d2"/>
      </object_component>
      <object_component id="oc-c0">
         <name>.debug_line</name>
         <load_address>0x2aed</load_address>
         <run_address>0x2aed</run_address>
         <size>0x40</size>
         <input_file_ref idref="fl-d3"/>
      </object_component>
      <object_component id="oc-140">
         <name>.debug_line</name>
         <load_address>0x2b2d</load_address>
         <run_address>0x2b2d</run_address>
         <size>0x3c</size>
         <input_file_ref idref="fl-d5"/>
      </object_component>
      <object_component id="oc-c7">
         <name>.debug_frame</name>
         <load_address>0x0</load_address>
         <run_address>0x0</run_address>
         <size>0xcc</size>
         <input_file_ref idref="fl-2"/>
      </object_component>
      <object_component id="oc-2c">
         <name>.debug_frame</name>
         <load_address>0xcc</load_address>
         <run_address>0xcc</run_address>
         <size>0x90</size>
         <input_file_ref idref="fl-3"/>
      </object_component>
      <object_component id="oc-e5">
         <name>.debug_frame</name>
         <load_address>0x15c</load_address>
         <run_address>0x15c</run_address>
         <size>0xb8</size>
         <input_file_ref idref="fl-5"/>
      </object_component>
      <object_component id="oc-84">
         <name>.debug_frame</name>
         <load_address>0x214</load_address>
         <run_address>0x214</run_address>
         <size>0x4bc</size>
         <input_file_ref idref="fl-7"/>
      </object_component>
      <object_component id="oc-34">
         <name>.debug_frame</name>
         <load_address>0x6d0</load_address>
         <run_address>0x6d0</run_address>
         <size>0x110</size>
         <input_file_ref idref="fl-9"/>
      </object_component>
      <object_component id="oc-e3">
         <name>.debug_frame</name>
         <load_address>0x7e0</load_address>
         <run_address>0x7e0</run_address>
         <size>0xa0</size>
         <input_file_ref idref="fl-b"/>
      </object_component>
      <object_component id="oc-137">
         <name>.debug_frame</name>
         <load_address>0x880</load_address>
         <run_address>0x880</run_address>
         <size>0xd4</size>
         <input_file_ref idref="fl-e"/>
      </object_component>
      <object_component id="oc-5a">
         <name>.debug_frame</name>
         <load_address>0x954</load_address>
         <run_address>0x954</run_address>
         <size>0x54</size>
         <input_file_ref idref="fl-cd"/>
      </object_component>
      <object_component id="oc-1d">
         <name>.debug_frame</name>
         <load_address>0x9a8</load_address>
         <run_address>0x9a8</run_address>
         <size>0x54</size>
         <input_file_ref idref="fl-ce"/>
      </object_component>
      <object_component id="oc-16">
         <name>.debug_frame</name>
         <load_address>0x9fc</load_address>
         <run_address>0x9fc</run_address>
         <size>0x60</size>
         <input_file_ref idref="fl-cf"/>
      </object_component>
      <object_component id="oc-69">
         <name>.debug_frame</name>
         <load_address>0xa5c</load_address>
         <run_address>0xa5c</run_address>
         <size>0x50</size>
         <input_file_ref idref="fl-d0"/>
      </object_component>
      <object_component id="oc-14e">
         <name>.debug_frame</name>
         <load_address>0xaac</load_address>
         <run_address>0xaac</run_address>
         <size>0x5c</size>
         <input_file_ref idref="fl-d2"/>
      </object_component>
      <object_component id="oc-c1">
         <name>.debug_frame</name>
         <load_address>0xb08</load_address>
         <run_address>0xb08</run_address>
         <size>0x54</size>
         <input_file_ref idref="fl-d3"/>
      </object_component>
      <object_component id="oc-13f">
         <name>.debug_frame</name>
         <load_address>0xb5c</load_address>
         <run_address>0xb5c</run_address>
         <size>0x54</size>
         <input_file_ref idref="fl-d5"/>
      </object_component>
      <object_component id="oc-1b0">
         <name>.debug_abbrev</name>
         <load_address>0x0</load_address>
         <run_address>0x0</run_address>
         <size>0xf4</size>
         <input_file_ref idref="fl-2"/>
      </object_component>
      <object_component id="oc-13c">
         <name>.debug_abbrev</name>
         <load_address>0xf4</load_address>
         <run_address>0xf4</run_address>
         <size>0xd4</size>
         <input_file_ref idref="fl-2"/>
      </object_component>
      <object_component id="oc-10e">
         <name>.debug_abbrev</name>
         <load_address>0x1c8</load_address>
         <run_address>0x1c8</run_address>
         <size>0x9f</size>
         <input_file_ref idref="fl-2"/>
      </object_component>
      <object_component id="oc-9e">
         <name>.debug_abbrev</name>
         <load_address>0x267</load_address>
         <run_address>0x267</run_address>
         <size>0x69</size>
         <input_file_ref idref="fl-2"/>
      </object_component>
      <object_component id="oc-118">
         <name>.debug_abbrev</name>
         <load_address>0x2d0</load_address>
         <run_address>0x2d0</run_address>
         <size>0x70</size>
         <input_file_ref idref="fl-2"/>
      </object_component>
      <object_component id="oc-43">
         <name>.debug_abbrev</name>
         <load_address>0x340</load_address>
         <run_address>0x340</run_address>
         <size>0x1f</size>
         <input_file_ref idref="fl-2"/>
      </object_component>
      <object_component id="oc-8d">
         <name>.debug_abbrev</name>
         <load_address>0x35f</load_address>
         <run_address>0x35f</run_address>
         <size>0x24</size>
         <input_file_ref idref="fl-2"/>
      </object_component>
      <object_component id="oc-11e">
         <name>.debug_abbrev</name>
         <load_address>0x383</load_address>
         <run_address>0x383</run_address>
         <size>0x5c</size>
         <input_file_ref idref="fl-2"/>
      </object_component>
      <object_component id="oc-97">
         <name>.debug_abbrev</name>
         <load_address>0x3df</load_address>
         <run_address>0x3df</run_address>
         <size>0x24</size>
         <input_file_ref idref="fl-2"/>
      </object_component>
      <object_component id="oc-1b4">
         <name>.debug_abbrev</name>
         <load_address>0x403</load_address>
         <run_address>0x403</run_address>
         <size>0x35</size>
         <input_file_ref idref="fl-2"/>
      </object_component>
      <object_component id="oc-109">
         <name>.debug_abbrev</name>
         <load_address>0x438</load_address>
         <run_address>0x438</run_address>
         <size>0x24</size>
         <input_file_ref idref="fl-2"/>
      </object_component>
      <object_component id="oc-92">
         <name>.debug_abbrev</name>
         <load_address>0x45c</load_address>
         <run_address>0x45c</run_address>
         <size>0x24</size>
         <input_file_ref idref="fl-2"/>
      </object_component>
      <object_component id="oc-113">
         <name>.debug_abbrev</name>
         <load_address>0x480</load_address>
         <run_address>0x480</run_address>
         <size>0x61</size>
         <input_file_ref idref="fl-2"/>
      </object_component>
      <object_component id="oc-9a">
         <name>.debug_abbrev</name>
         <load_address>0x4e1</load_address>
         <run_address>0x4e1</run_address>
         <size>0x7c</size>
         <input_file_ref idref="fl-3"/>
      </object_component>
      <object_component id="oc-38">
         <name>.debug_abbrev</name>
         <load_address>0x55d</load_address>
         <run_address>0x55d</run_address>
         <size>0x29</size>
         <input_file_ref idref="fl-3"/>
      </object_component>
      <object_component id="oc-78">
         <name>.debug_abbrev</name>
         <load_address>0x586</load_address>
         <run_address>0x586</run_address>
         <size>0x79</size>
         <input_file_ref idref="fl-3"/>
      </object_component>
      <object_component id="oc-217">
         <name>.debug_abbrev</name>
         <load_address>0x5ff</load_address>
         <run_address>0x5ff</run_address>
         <size>0x111</size>
         <input_file_ref idref="fl-4"/>
      </object_component>
      <object_component id="oc-184">
         <name>.debug_abbrev</name>
         <load_address>0x710</load_address>
         <run_address>0x710</run_address>
         <size>0x5a</size>
         <input_file_ref idref="fl-4"/>
      </object_component>
      <object_component id="oc-193">
         <name>.debug_abbrev</name>
         <load_address>0x76a</load_address>
         <run_address>0x76a</run_address>
         <size>0x70</size>
         <input_file_ref idref="fl-4"/>
      </object_component>
      <object_component id="oc-21b">
         <name>.debug_abbrev</name>
         <load_address>0x7da</load_address>
         <run_address>0x7da</run_address>
         <size>0x4b</size>
         <input_file_ref idref="fl-4"/>
      </object_component>
      <object_component id="oc-220">
         <name>.debug_abbrev</name>
         <load_address>0x825</load_address>
         <run_address>0x825</run_address>
         <size>0x24</size>
         <input_file_ref idref="fl-4"/>
      </object_component>
      <object_component id="oc-17f">
         <name>.debug_abbrev</name>
         <load_address>0x849</load_address>
         <run_address>0x849</run_address>
         <size>0x33</size>
         <input_file_ref idref="fl-4"/>
      </object_component>
      <object_component id="oc-1e7">
         <name>.debug_abbrev</name>
         <load_address>0x87c</load_address>
         <run_address>0x87c</run_address>
         <size>0x88</size>
         <input_file_ref idref="fl-5"/>
      </object_component>
      <object_component id="oc-19e">
         <name>.debug_abbrev</name>
         <load_address>0x904</load_address>
         <run_address>0x904</run_address>
         <size>0x9b</size>
         <input_file_ref idref="fl-5"/>
      </object_component>
      <object_component id="oc-223">
         <name>.debug_abbrev</name>
         <load_address>0x99f</load_address>
         <run_address>0x99f</run_address>
         <size>0x129</size>
         <input_file_ref idref="fl-6"/>
      </object_component>
      <object_component id="oc-227">
         <name>.debug_abbrev</name>
         <load_address>0xac8</load_address>
         <run_address>0xac8</run_address>
         <size>0x70</size>
         <input_file_ref idref="fl-6"/>
      </object_component>
      <object_component id="oc-22c">
         <name>.debug_abbrev</name>
         <load_address>0xb38</load_address>
         <run_address>0xb38</run_address>
         <size>0x24</size>
         <input_file_ref idref="fl-6"/>
      </object_component>
      <object_component id="oc-189">
         <name>.debug_abbrev</name>
         <load_address>0xb5c</load_address>
         <run_address>0xb5c</run_address>
         <size>0x33</size>
         <input_file_ref idref="fl-6"/>
      </object_component>
      <object_component id="oc-17b">
         <name>.debug_abbrev</name>
         <load_address>0xb8f</load_address>
         <run_address>0xb8f</run_address>
         <size>0x11c</size>
         <input_file_ref idref="fl-7"/>
      </object_component>
      <object_component id="oc-d4">
         <name>.debug_abbrev</name>
         <load_address>0xcab</load_address>
         <run_address>0xcab</run_address>
         <size>0x3d</size>
         <input_file_ref idref="fl-7"/>
      </object_component>
      <object_component id="oc-1a0">
         <name>.debug_abbrev</name>
         <load_address>0xce8</load_address>
         <run_address>0xce8</run_address>
         <size>0x27</size>
         <input_file_ref idref="fl-7"/>
      </object_component>
      <object_component id="oc-1ac">
         <name>.debug_abbrev</name>
         <load_address>0xd0f</load_address>
         <run_address>0xd0f</run_address>
         <size>0x27</size>
         <input_file_ref idref="fl-7"/>
      </object_component>
      <object_component id="oc-1ae">
         <name>.debug_abbrev</name>
         <load_address>0xd36</load_address>
         <run_address>0xd36</run_address>
         <size>0x27</size>
         <input_file_ref idref="fl-7"/>
      </object_component>
      <object_component id="oc-1aa">
         <name>.debug_abbrev</name>
         <load_address>0xd5d</load_address>
         <run_address>0xd5d</run_address>
         <size>0x27</size>
         <input_file_ref idref="fl-7"/>
      </object_component>
      <object_component id="oc-1a6">
         <name>.debug_abbrev</name>
         <load_address>0xd84</load_address>
         <run_address>0xd84</run_address>
         <size>0x27</size>
         <input_file_ref idref="fl-7"/>
      </object_component>
      <object_component id="oc-1a2">
         <name>.debug_abbrev</name>
         <load_address>0xdab</load_address>
         <run_address>0xdab</run_address>
         <size>0x27</size>
         <input_file_ref idref="fl-7"/>
      </object_component>
      <object_component id="oc-1a4">
         <name>.debug_abbrev</name>
         <load_address>0xdd2</load_address>
         <run_address>0xdd2</run_address>
         <size>0x27</size>
         <input_file_ref idref="fl-7"/>
      </object_component>
      <object_component id="oc-1a8">
         <name>.debug_abbrev</name>
         <load_address>0xdf9</load_address>
         <run_address>0xdf9</run_address>
         <size>0x29</size>
         <input_file_ref idref="fl-7"/>
      </object_component>
      <object_component id="oc-102">
         <name>.debug_abbrev</name>
         <load_address>0xe22</load_address>
         <run_address>0xe22</run_address>
         <size>0x10c</size>
         <input_file_ref idref="fl-7"/>
      </object_component>
      <object_component id="oc-d9">
         <name>.debug_abbrev</name>
         <load_address>0xf2e</load_address>
         <run_address>0xf2e</run_address>
         <size>0x90</size>
         <input_file_ref idref="fl-7"/>
      </object_component>
      <object_component id="oc-18e">
         <name>.debug_abbrev</name>
         <load_address>0xfbe</load_address>
         <run_address>0xfbe</run_address>
         <size>0x4b</size>
         <input_file_ref idref="fl-7"/>
      </object_component>
      <object_component id="oc-105">
         <name>.debug_abbrev</name>
         <load_address>0x1009</load_address>
         <run_address>0x1009</run_address>
         <size>0xb2</size>
         <input_file_ref idref="fl-9"/>
      </object_component>
      <object_component id="oc-dc">
         <name>.debug_abbrev</name>
         <load_address>0x10bb</load_address>
         <run_address>0x10bb</run_address>
         <size>0x3d</size>
         <input_file_ref idref="fl-9"/>
      </object_component>
      <object_component id="oc-103">
         <name>.debug_abbrev</name>
         <load_address>0x10f8</load_address>
         <run_address>0x10f8</run_address>
         <size>0x27</size>
         <input_file_ref idref="fl-9"/>
      </object_component>
      <object_component id="oc-89">
         <name>.debug_abbrev</name>
         <load_address>0x111f</load_address>
         <run_address>0x111f</run_address>
         <size>0x10c</size>
         <input_file_ref idref="fl-9"/>
      </object_component>
      <object_component id="oc-85">
         <name>.debug_abbrev</name>
         <load_address>0x122b</load_address>
         <run_address>0x122b</run_address>
         <size>0x75</size>
         <input_file_ref idref="fl-a"/>
      </object_component>
      <object_component id="oc-1e5">
         <name>.debug_abbrev</name>
         <load_address>0x12a0</load_address>
         <run_address>0x12a0</run_address>
         <size>0xbf</size>
         <input_file_ref idref="fl-b"/>
      </object_component>
      <object_component id="oc-1e3">
         <name>.debug_abbrev</name>
         <load_address>0x135f</load_address>
         <run_address>0x135f</run_address>
         <size>0x27</size>
         <input_file_ref idref="fl-b"/>
      </object_component>
      <object_component id="oc-1e1">
         <name>.debug_abbrev</name>
         <load_address>0x1386</load_address>
         <run_address>0x1386</run_address>
         <size>0x27</size>
         <input_file_ref idref="fl-b"/>
      </object_component>
      <object_component id="oc-19c">
         <name>.debug_abbrev</name>
         <load_address>0x13ad</load_address>
         <run_address>0x13ad</run_address>
         <size>0xa9</size>
         <input_file_ref idref="fl-b"/>
      </object_component>
      <object_component id="oc-1f4">
         <name>.debug_abbrev</name>
         <load_address>0x1456</load_address>
         <run_address>0x1456</run_address>
         <size>0x42</size>
         <input_file_ref idref="fl-e"/>
      </object_component>
      <object_component id="oc-1bd">
         <name>.debug_abbrev</name>
         <load_address>0x1498</load_address>
         <run_address>0x1498</run_address>
         <size>0xd4</size>
         <input_file_ref idref="fl-e"/>
      </object_component>
      <object_component id="oc-1b7">
         <name>.debug_abbrev</name>
         <load_address>0x156c</load_address>
         <run_address>0x156c</run_address>
         <size>0x3c</size>
         <input_file_ref idref="fl-c8"/>
      </object_component>
      <object_component id="oc-a7">
         <name>.debug_abbrev</name>
         <load_address>0x15a8</load_address>
         <run_address>0x15a8</run_address>
         <size>0x3e</size>
         <input_file_ref idref="fl-c9"/>
      </object_component>
      <object_component id="oc-12f">
         <name>.debug_abbrev</name>
         <load_address>0x15e6</load_address>
         <run_address>0x15e6</run_address>
         <size>0x4f</size>
         <input_file_ref idref="fl-ca"/>
      </object_component>
      <object_component id="oc-1f3">
         <name>.debug_abbrev</name>
         <load_address>0x1635</load_address>
         <run_address>0x1635</run_address>
         <size>0x4a</size>
         <input_file_ref idref="fl-cb"/>
      </object_component>
      <object_component id="oc-230">
         <name>.debug_abbrev</name>
         <load_address>0x167f</load_address>
         <run_address>0x167f</run_address>
         <size>0x4a</size>
         <input_file_ref idref="fl-cc"/>
      </object_component>
      <object_component id="oc-12d">
         <name>.debug_abbrev</name>
         <load_address>0x16c9</load_address>
         <run_address>0x16c9</run_address>
         <size>0x5d</size>
         <input_file_ref idref="fl-cd"/>
      </object_component>
      <object_component id="oc-bb">
         <name>.debug_abbrev</name>
         <load_address>0x1726</load_address>
         <run_address>0x1726</run_address>
         <size>0x74</size>
         <input_file_ref idref="fl-cd"/>
      </object_component>
      <object_component id="oc-b2">
         <name>.debug_abbrev</name>
         <load_address>0x179a</load_address>
         <run_address>0x179a</run_address>
         <size>0x24</size>
         <input_file_ref idref="fl-cd"/>
      </object_component>
      <object_component id="oc-12a">
         <name>.debug_abbrev</name>
         <load_address>0x17be</load_address>
         <run_address>0x17be</run_address>
         <size>0x24</size>
         <input_file_ref idref="fl-cd"/>
      </object_component>
      <object_component id="oc-ad">
         <name>.debug_abbrev</name>
         <load_address>0x17e2</load_address>
[...]
         <usage_details>
            <allocated_space>
               <start_address>0x20000000</start_address>
               <size>0x0</size>
               <logical_group_ref idref="lg-242"/>
            </allocated_space>
            <allocated_space>
               <start_address>0x20000000</start_address>
               <size>0x10d0</size>
               <logical_group_ref idref="lg-b"/>
            </allocated_space>
            <allocated_space>
               <start_address>0x200010d0</start_address>
               <size>0x200</size>
               <logical_group_ref idref="lg-d"/>
            </allocated_space>
            <allocated_space>
               <start_address>0x200012d0</start_address>
               <size>0x48</size>
               <logical_group_ref idref="lg-a"/>
            </allocated_space>
            <available_space>
               <start_address>0x20001318</start_address>
               <size>0x6ce8</size>
            </available_space>
         </usage_details>
      </memory_area>
   </placement_map>
   <cptbl_list>
      <cptbl>
         <name>__TI_cinit_table</name>
         <cprec>
            <name>.data</name>
            <load_address>0x2950</load_address>
            <load_size>0x12</load_size>
            <run_address>0x200012d0</run_address>
            <run_size>0x48</run_size>
            <compression>lzss</compression>
         </cprec>
         <cprec>
            <name>.bss</name>
            <load_address>0x2970</load_address>
            <load_size>0x8</load_size>
            <run_address>0x20000000</run_address>
            <run_size>0x10d0</run_size>
            <compression>zero_init</compression>
         </cprec>
      </cptbl>
   </cptbl_list>
   <handler_table>
      <handler_table_name>__TI_handler_table</handler_table_name>
      <handler>
         <index>0x0</index>
         <name>__TI_decompress_lzss</name>
      </handler>
      <handler>
         <index>0x1</index>
         <name>__TI_decompress_none</name>
      </handler>
      <handler>
         <index>0x2</index>
         <name>__TI_zero_init</name>
      </handler>
   </handler_table>
   <symbol_table>
      <symbol id="sm-1">
         <name>__STACK_TOP</name>
         <value>0x200012d0</value>
      </symbol>
      <symbol id="sm-2">
         <name>__start___llvm_prf_cnts</name>
         <value>0x20000000</value>
      </symbol>
      <symbol id="sm-3">
         <name>__stop___llvm_prf_cnts</name>
         <value>0x20000000</value>
      </symbol>
      <symbol id="sm-4">
         <name>__TI_CINIT_Base</name>
         <value>0x2978</value>
      </symbol>
      <symbol id="sm-5">
         <name>__TI_CINIT_Limit</name>
         <value>0x2988</value>
      </symbol>
      <symbol id="sm-6">
         <name>__TI_Handler_Table_Base</name>
         <value>0x2964</value>
      </symbol>
      <symbol id="sm-7">
         <name>__TI_Handler_Table_Limit</name>
         <value>0x2970</value>
      </symbol>
      <symbol id="sm-8">
         <name>binit</name>
         <value>0xffffffff</value>
      </symbol>
      <symbol id="sm-9">
         <name>__binit__</name>
         <value>0xffffffff</value>
      </symbol>
      <symbol id="sm-a">
         <name>__STACK_SIZE</name>
         <value>0x200</value>
      </symbol>
      <symbol id="sm-b">
         <name>__STACK_END</name>
         <value>0x200012d0</value>
      </symbol>
      <symbol id="sm-c">
         <name>__c_args__</name>
         <value>0xffffffff</value>
      </symbol>
      <symbol id="sm-d">
         <name>__TI_pprof_out_hndl</name>
         <value>0xffffffff</value>
      </symbol>
      <symbol id="sm-e">
         <name>__TI_prof_data_start</name>
         <value>0xffffffff</value>
      </symbol>
      <symbol id="sm-f">
         <name>__TI_prof_data_size</name>
         <value>0xffffffff</value>
      </symbol>
      <symbol id="sm-7c">
         <name>Delay_MS</name>
         <value>0x2349</value>
         <object_component_ref idref="oc-c2"/>
      </symbol>
      <symbol id="sm-7d">
         <name>main</name>
         <value>0x2389</value>
         <object_component_ref idref="oc-c2"/>
      </symbol>
      <symbol id="sm-7e">
         <name>vPeriodicTask1</name>
         <value>0x23c9</value>
         <object_component_ref idref="oc-c2"/>
      </symbol>
      <symbol id="sm-7f">
         <name>vPeriodicTask2</name>
         <value>0x23f5</value>
         <object_component_ref idref="oc-c2"/>
      </symbol>
      <symbol id="sm-9b">
         <name>ResetISR</name>
         <value>0x292b</value>
         <object_component_ref idref="oc-27"/>
      </symbol>
      <symbol id="sm-9c">
         <name>g_pfnVectors</name>
         <value>0x0</value>
         <object_component_ref idref="oc-12"/>
      </symbol>
      <symbol id="sm-cf">
         <name>uxListRemove</name>
         <value>0x22ff</value>
         <object_component_ref idref="oc-e4"/>
      </symbol>
      <symbol id="sm-d0">
         <name>vListInsert</name>
         <value>0x2299</value>
         <object_component_ref idref="oc-e4"/>
      </symbol>
      <symbol id="sm-d1">
         <name>vListInitialiseItem</name>
         <value>0x224d</value>
         <object_component_ref idref="oc-e4"/>
      </symbol>
      <symbol id="sm-d2">
         <name>vListInsertEnd</name>
         <value>0x225d</value>
         <object_component_ref idref="oc-e4"/>
      </symbol>
      <symbol id="sm-d3">
         <name>vListInitialise</name>
         <value>0x221d</value>
         <object_component_ref idref="oc-e4"/>
      </symbol>
      <symbol id="sm-2f5">
         <name>vTaskSuspendAll</name>
         <value>0x95f</value>
         <object_component_ref idref="oc-7f"/>
      </symbol>
      <symbol id="sm-2f6">
         <name>vTaskPlaceOnEventList</name>
         <value>0xe69</value>
         <object_component_ref idref="oc-7f"/>
      </symbol>
      <symbol id="sm-2f7">
         <name>pcTaskGetName</name>
         <value>0xb4f</value>
         <object_component_ref idref="oc-7f"/>
      </symbol>
      <symbol id="sm-2f8">
         <name>xTaskCheckForTimeOut</name>
         <value>0x1251</value>
         <object_component_ref idref="oc-7f"/>
      </symbol>
      <symbol id="sm-2f9">
         <name>vTaskGenericNotifyGiveFromISR</name>
         <value>0x1a4d</value>
         <object_component_ref idref="oc-7f"/>
      </symbol>
      <symbol id="sm-2fa">
         <name>vTaskRemoveFromUnorderedEventList</name>
         <value>0x10b9</value>
         <object_component_ref idref="oc-7f"/>
      </symbol>
      <symbol id="sm-2fb">
         <name>vTaskStartScheduler</name>
         <value>0x8d9</value>
         <object_component_ref idref="oc-7f"/>
      </symbol>
      <symbol id="sm-2fc">
         <name>vTaskInternalSetTimeOutState</name>
         <value>0x1229</value>
         <object_component_ref idref="oc-7f"/>
      </symbol>
      <symbol id="sm-2fd">
         <name>xTaskGenericNotifyStateClear</name>
         <value>0x1bfd</value>
         <object_component_ref idref="oc-7f"/>
      </symbol>
      <symbol id="sm-2fe">
         <name>xTaskGenericNotify</name>
         <value>0x1611</value>
         <object_component_ref idref="oc-7f"/>
      </symbol>
      <symbol id="sm-2ff">
         <name>xTaskCreate</name>
         <value>0x26d</value>
         <object_component_ref idref="oc-7f"/>
      </symbol>
      <symbol id="sm-300">
         <name>vTaskEndScheduler</name>
         <value>0x943</value>
         <object_component_ref idref="oc-7f"/>
      </symbol>
      <symbol id="sm-301">
         <name>vTaskMissedYield</name>
         <value>0x12fd</value>
         <object_component_ref idref="oc-7f"/>
      </symbol>
      <symbol id="sm-302">
         <name>uxTaskGetNumberOfTasks</name>
         <value>0xb49</value>
         <object_component_ref idref="oc-7f"/>
      </symbol>
      <symbol id="sm-303">
         <name>xTaskCatchUpTicks</name>
         <value>0xb9d</value>
         <object_component_ref idref="oc-7f"/>
      </symbol>
      <symbol id="sm-304">
         <name>xTaskGenericNotifyFromISR</name>
         <value>0x17f7</value>
         <object_component_ref idref="oc-7f"/>
      </symbol>
      <symbol id="sm-305">
         <name>xTaskResumeAll</name>
         <value>0x97d</value>
         <object_component_ref idref="oc-7f"/>
      </symbol>
      <symbol id="sm-306">
         <name>xTaskGetTickCount</name>
         <value>0xb25</value>
         <object_component_ref idref="oc-7f"/>
      </symbol>
      <symbol id="sm-307">
         <name>ulTaskGenericNotifyTake</name>
         <value>0x1445</value>
         <object_component_ref idref="oc-7f"/>
      </symbol>
      <symbol id="sm-308">
         <name>vTaskDelete</name>
         <value>0x4b9</value>
         <object_component_ref idref="oc-7f"/>
      </symbol>
      <symbol id="sm-309">
         <name>ulTaskGenericNotifyValueClear</name>
         <value>0x1c65</value>
         <object_component_ref idref="oc-7f"/>
      </symbol>
      <symbol id="sm-30a">
         <name>xTaskGenericNotifyWait</name>
         <value>0x1501</value>
         <object_component_ref idref="oc-7f"/>
      </symbol>
      <symbol id="sm-30b">
         <name>pxCurrentTCB</name>
         <value>0x200012d0</value>
         <object_component_ref idref="oc-79"/>
      </symbol>
      <symbol id="sm-30c">
         <name>vTaskSuspend</name>
         <value>0x591</value>
         <object_component_ref idref="oc-7f"/>
      </symbol>
      <symbol id="sm-30d">
         <name>xTaskGetTickCountFromISR</name>
         <value>0xb35</value>
         <object_component_ref idref="oc-7f"/>
      </symbol>
      <symbol id="sm-30e">
         <name>vTaskResume</name>
         <value>0x70d</value>
         <object_component_ref idref="oc-7f"/>
      </symbol>
      <symbol id="sm-30f">
         <name>uxTopUsedPriority</name>
         <value>0x2948</value>
         <object_component_ref idref="oc-f6"/>
      </symbol>
      <symbol id="sm-310">
         <name>vTaskSetTimeOutState</name>
         <value>0x11f7</value>
         <object_component_ref idref="oc-7f"/>
      </symbol>
      <symbol id="sm-311">
         <name>xTaskIncrementTick</name>
         <value>0xc09</value>
         <object_component_ref idref="oc-7f"/>
      </symbol>
      <symbol id="sm-312">
         <name>vTaskSwitchContext</name>
         <value>0xddf</value>
         <object_component_ref idref="oc-7f"/>
      </symbol>
      <symbol id="sm-313">
         <name>uxTaskResetEventItemValue</name>
         <value>0x1419</value>
         <object_component_ref idref="oc-7f"/>
      </symbol>
      <symbol id="sm-314">
         <name>xTaskResumeFromISR</name>
         <value>0x7e5</value>
         <object_component_ref idref="oc-7f"/>
      </symbol>
      <symbol id="sm-315">
         <name>xTaskGetCurrentTaskHandle</name>
         <value>0x1409</value>
         <object_component_ref idref="oc-7f"/>
      </symbol>
      <symbol id="sm-316">
         <name>vTaskPlaceOnUnorderedEventList</name>
         <value>0xead</value>
         <object_component_ref idref="oc-7f"/>
      </symbol>
      <symbol id="sm-317">
         <name>xTaskRemoveFromEventList</name>
         <value>0xf59</value>
         <object_component_ref idref="oc-7f"/>
      </symbol>
      <symbol id="sm-369">
         <name>ulMaxSyscallInterruptPriority</name>
         <value>0x2940</value>
         <object_component_ref idref="oc-7c"/>
      </symbol>
      <symbol id="sm-36a">
         <name>vPortSetupTimerInterrupt</name>
         <value>0x1f9d</value>
         <object_component_ref idref="oc-32"/>
      </symbol>
      <symbol id="sm-36b">
         <name>vPortEndScheduler</name>
         <value>0x1ee5</value>
         <object_component_ref idref="oc-32"/>
      </symbol>
      <symbol id="sm-36c">
         <name>xPortSysTickHandler</name>
         <value>0x1f77</value>
         <object_component_ref idref="oc-32"/>
      </symbol>
      <symbol id="sm-36d">
         <name>vPortValidateInterruptPriority</name>
         <value>0x1fb7</value>
         <object_component_ref idref="oc-32"/>
      </symbol>
      <symbol id="sm-36e">
         <name>pxPortInitialiseStack</name>
         <value>0x1da1</value>
         <object_component_ref idref="oc-32"/>
      </symbol>
      <symbol id="sm-36f">
         <name>vPortExitCritical</name>
         <value>0x1f4b</value>
         <object_component_ref idref="oc-32"/>
      </symbol>
      <symbol id="sm-370">
         <name>xPortStartScheduler</name>
         <value>0x1e2d</value>
         <object_component_ref idref="oc-32"/>
      </symbol>
      <symbol id="sm-371">
         <name>vPortEnterCritical</name>
         <value>0x1f09</value>
         <object_component_ref idref="oc-32"/>
      </symbol>
      <symbol id="sm-380">
         <name>vPortStartFirstTask</name>
         <value>0x24f9</value>
         <object_component_ref idref="oc-2d"/>
      </symbol>
      <symbol id="sm-381">
         <name>ulPortGetIPSR</name>
         <value>0x2461</value>
         <object_component_ref idref="oc-2d"/>
      </symbol>
      <symbol id="sm-382">
         <name>vPortEnableVFP</name>
         <value>0x251d</value>
         <object_component_ref idref="oc-2d"/>
      </symbol>
      <symbol id="sm-383">
         <name>xPortPendSVHandler</name>
         <value>0x2479</value>
         <object_component_ref idref="oc-2d"/>
      </symbol>
      <symbol id="sm-384">
         <name>vPortSVCHandler</name>
         <value>0x24d9</value>
         <object_component_ref idref="oc-2d"/>
      </symbol>
      <symbol id="sm-3ae">
         <name>vPortInitialiseBlocks</name>
         <value>0x25dd</value>
         <object_component_ref idref="oc-de"/>
      </symbol>
      <symbol id="sm-3af">
         <name>xPortGetFreeHeapSize</name>
         <value>0x25e5</value>
         <object_component_ref idref="oc-de"/>
      </symbol>
      <symbol id="sm-3b0">
         <name>pvPortMalloc</name>
         <value>0x252d</value>
         <object_component_ref idref="oc-de"/>
      </symbol>
      <symbol id="sm-3b1">
         <name>vPortFree</name>
         <value>0x25b9</value>
         <object_component_ref idref="oc-de"/>
      </symbol>
      <symbol id="sm-3e1">
         <name>UART0_SendInteger</name>
         <value>0x213d</value>
         <object_component_ref idref="oc-136"/>
      </symbol>
      <symbol id="sm-3e2">
         <name>UART0_ReceiveByte</name>
         <value>0x2107</value>
         <object_component_ref idref="oc-136"/>
      </symbol>
      <symbol id="sm-3e3">
         <name>UART0_SendByte</name>
         <value>0x20eb</value>
         <object_component_ref idref="oc-136"/>
      </symbol>
      <symbol id="sm-3e4">
         <name>UART0_Init</name>
         <value>0x20ab</value>
         <object_component_ref idref="oc-136"/>
      </symbol>
      <symbol id="sm-3e5">
         <name>UART0_SendString</name>
         <value>0x2117</value>
         <object_component_ref idref="oc-136"/>
      </symbol>
      <symbol id="sm-3ee">
         <name>__aeabi_lmul</name>
         <value>0x28f9</value>
         <object_component_ref idref="oc-131"/>
      </symbol>
      <symbol id="sm-409">
         <name>memcpy</name>
         <value>0x25fd</value>
         <object_component_ref idref="oc-46"/>
      </symbol>
      <symbol id="sm-40a">
         <name>__aeabi_memcpy</name>
         <value>0x25fd</value>
         <object_component_ref idref="oc-46"/>
      </symbol>
      <symbol id="sm-40b">
         <name>__aeabi_memcpy8</name>
         <value>0x25fd</value>
         <object_component_ref idref="oc-46"/>
      </symbol>
      <symbol id="sm-40c">
         <name>__aeabi_memcpy4</name>
         <value>0x25fd</value>
         <object_component_ref idref="oc-46"/>
      </symbol>
      <symbol id="sm-41b">
         <name>__aeabi_memset</name>
         <value>0x2731</value>
         <object_component_ref idref="oc-b6"/>
      </symbol>
      <symbol id="sm-41c">
         <name>memset</name>
         <value>0x2737</value>
         <object_component_ref idref="oc-b6"/>
      </symbol>
      <symbol id="sm-41d">
         <name>__aeabi_memset8</name>
         <value>0x2731</value>
         <object_component_ref idref="oc-b6"/>
      </symbol>
      <symbol id="sm-41e">
         <name>__aeabi_memset4</name>
         <value>0x2731</value>
         <object_component_ref idref="oc-b6"/>
      </symbol>
      <symbol id="sm-41f">
         <name>__aeabi_memclr8</name>
         <value>0x272f</value>
         <object_component_ref idref="oc-b6"/>
      </symbol>
      <symbol id="sm-420">
         <name>__aeabi_memclr4</name>
         <value>0x272f</value>
         <object_component_ref idref="oc-b6"/>
      </symbol>
      <symbol id="sm-421">
         <name>__aeabi_memclr</name>
         <value>0x272f</value>
         <object_component_ref idref="oc-b6"/>
      </symbol>
      <symbol id="sm-42f">
         <name>__aeabi_ldivmod</name>
         <value>0x27a9</value>
         <object_component_ref idref="oc-1b8"/>
      </symbol>
      <symbol id="sm-43c">
         <name>__aeabi_uldivmod</name>
         <value>0x2699</value>
         <object_component_ref idref="oc-1ee"/>
      </symbol>
      <symbol id="sm-453">
         <name>__TI_zero_init</name>
         <value>0x291f</value>
         <object_component_ref idref="oc-58"/>
      </symbol>
      <symbol id="sm-46a">
         <name>__TI_decompress_none</name>
         <value>0x2911</value>
         <object_component_ref idref="oc-1b"/>
      </symbol>
      <symbol id="sm-48d">
         <name>__TI_decompress_lzss</name>
         <value>0x2817</value>
         <object_component_ref idref="oc-15"/>
      </symbol>
      <symbol id="sm-4a0">
         <name>__stack</name>
         <value>0x200010d0</value>
         <object_component_ref idref="oc-24"/>
      </symbol>
      <symbol id="sm-4a1">
         <name>_c_int00_noargs</name>
         <value>0x28c5</value>
         <object_component_ref idref="oc-64"/>
      </symbol>
      <symbol id="sm-4ab">
         <name>__aeabi_idiv0</name>
         <value>0x2347</value>
         <object_component_ref idref="oc-1e9"/>
      </symbol>
      <symbol id="sm-4ac">
         <name>__aeabi_ldiv0</name>
         <value>0x2347</value>
         <object_component_ref idref="oc-1e9"/>
      </symbol>
      <symbol id="sm-4d4">
         <name>__TI_auto_init_nobinit_nopinit</name>
         <value>0x2881</value>
         <object_component_ref idref="oc-149"/>
      </symbol>
      <symbol id="sm-4de">
         <name>_system_pre_init</name>
         <value>0x2937</value>
         <object_component_ref idref="oc-bc"/>
      </symbol>
      <symbol id="sm-4ea">
         <name>C$$EXIT</name>
         <value>0x293b</value>
         <object_component_ref idref="oc-13d"/>
      </symbol>
      <symbol id="sm-4eb">
         <name>abort</name>
         <value>0x293b</value>
         <object_component_ref idref="oc-13d"/>
      </symbol>
      <symbol id="sm-4ee">
         <name>__TI_static_base__</name>
         <value>0x0</value>
      </symbol>
      <symbol id="sm-4f1">
         <name>__mpu_init</name>
         <value>0x0</value>
      </symbol>
      <symbol id="sm-4f2">
         <name>_system_post_cinit</name>
         <value>0x0</value>
      </symbol>
   </symbol_table>
   <title>Link successful</title>
</link_info>
